Archive member included to satisfy reference by file (symbol)

C:/Users/natha/Desktop/ProjGit/SleepDevice/projSleepDevice_bsp/\libhal_bsp.a(alt_load.o)
                              C:/Users/natha/Desktop/ProjGit/SleepDevice/projSleepDevice_bsp//obj/HAL/src/crt0.o (alt_load)
C:/Users/natha/Desktop/ProjGit/SleepDevice/projSleepDevice_bsp/\libhal_bsp.a(alt_main.o)
                              C:/Users/natha/Desktop/ProjGit/SleepDevice/projSleepDevice_bsp//obj/HAL/src/crt0.o (alt_main)
C:/Users/natha/Desktop/ProjGit/SleepDevice/projSleepDevice_bsp/\libhal_bsp.a(alt_putstr.o)
                              obj/default/Main.o (alt_putstr)
C:/Users/natha/Desktop/ProjGit/SleepDevice/projSleepDevice_bsp/\libhal_bsp.a(alt_sys_init.o)
                              C:/Users/natha/Desktop/ProjGit/SleepDevice/projSleepDevice_bsp/\libhal_bsp.a(alt_main.o) (alt_irq_init)
C:/Users/natha/Desktop/ProjGit/SleepDevice/projSleepDevice_bsp/\libhal_bsp.a(altera_avalon_jtag_uart_write.o)
                              C:/Users/natha/Desktop/ProjGit/SleepDevice/projSleepDevice_bsp/\libhal_bsp.a(alt_putstr.o) (altera_avalon_jtag_uart_write)
C:/Users/natha/Desktop/ProjGit/SleepDevice/projSleepDevice_bsp/\libhal_bsp.a(alt_dcache_flush_all.o)
                              C:/Users/natha/Desktop/ProjGit/SleepDevice/projSleepDevice_bsp/\libhal_bsp.a(alt_load.o) (alt_dcache_flush_all)
C:/Users/natha/Desktop/ProjGit/SleepDevice/projSleepDevice_bsp/\libhal_bsp.a(alt_icache_flush_all.o)
                              C:/Users/natha/Desktop/ProjGit/SleepDevice/projSleepDevice_bsp/\libhal_bsp.a(alt_load.o) (alt_icache_flush_all)
C:/Users/natha/Desktop/ProjGit/SleepDevice/projSleepDevice_bsp/\libhal_bsp.a(altera_nios2_qsys_irq.o)
                              C:/Users/natha/Desktop/ProjGit/SleepDevice/projSleepDevice_bsp/\libhal_bsp.a(alt_sys_init.o) (altera_nios2_qsys_irq_init)
o:/altera/16.1/nios2eds/bin/gnu/h-x86_64-mingw32/bin/../lib/gcc/nios2-elf/5.3.0/../../../../../H-x86_64-mingw32/nios2-elf/lib/mno-hw-mul\libsmallc.a(lib_a-strlen.o)
                              C:/Users/natha/Desktop/ProjGit/SleepDevice/projSleepDevice_bsp/\libhal_bsp.a(alt_putstr.o) (strlen)

Memory Configuration

Name             Origin             Length             Attributes
reset            0x0000000000800000 0x0000000000000020
new_sdram_controller_0 0x0000000000800020 0x00000000007fffe0
onchip_memory2_0 0x0000000001010000 0x000000000000c800
*default*        0x0000000000000000 0xffffffffffffffff

Linker script and memory map

LOAD C:/Users/natha/Desktop/ProjGit/SleepDevice/projSleepDevice_bsp//obj/HAL/src/crt0.o
LOAD obj/default/Main.o
LOAD o:/altera/16.1/nios2eds/bin/gnu/h-x86_64-mingw32/bin/../lib/gcc/nios2-elf/5.3.0/../../../../../H-x86_64-mingw32/nios2-elf/lib/mno-hw-mul\libstdc++.a
LOAD o:/altera/16.1/nios2eds/bin/gnu/h-x86_64-mingw32/bin/../lib/gcc/nios2-elf/5.3.0/../../../../../H-x86_64-mingw32/nios2-elf/lib/mno-hw-mul\libm.a
LOAD o:/altera/16.1/nios2eds/bin/gnu/h-x86_64-mingw32/bin/../lib/gcc/nios2-elf/5.3.0/mno-hw-mul\libgcc.a
START GROUP
LOAD o:/altera/16.1/nios2eds/bin/gnu/h-x86_64-mingw32/bin/../lib/gcc/nios2-elf/5.3.0/../../../../../H-x86_64-mingw32/nios2-elf/lib/mno-hw-mul\libsmallc.a
LOAD o:/altera/16.1/nios2eds/bin/gnu/h-x86_64-mingw32/bin/../lib/gcc/nios2-elf/5.3.0/mno-hw-mul\libgcc.a
LOAD C:/Users/natha/Desktop/ProjGit/SleepDevice/projSleepDevice_bsp/\libhal_bsp.a
LOAD o:/altera/16.1/nios2eds/bin/gnu/h-x86_64-mingw32/bin/../lib/gcc/nios2-elf/5.3.0/../../../../../H-x86_64-mingw32/nios2-elf/lib/mno-hw-mul\libm.a
END GROUP
LOAD o:/altera/16.1/nios2eds/bin/gnu/h-x86_64-mingw32/bin/../lib/gcc/nios2-elf/5.3.0/mno-hw-mul\libgcc.a
                0x0000000000800000                __alt_mem_new_sdram_controller_0 = 0x800000
                0x0000000001010000                __alt_mem_onchip_memory2_0 = 0x1010000

.entry          0x0000000000800000       0x20
 *(.entry)
 .entry         0x0000000000800000       0x20 C:/Users/natha/Desktop/ProjGit/SleepDevice/projSleepDevice_bsp//obj/HAL/src/crt0.o
                0x0000000000800000                __reset
                0x000000000080000c                _exit

.exceptions     0x0000000000800020        0x0
                0x0000000000800020                PROVIDE (__ram_exceptions_start, ABSOLUTE (.))
                0x0000000000800020                . = ALIGN (0x20)
 *(.irq)
 *(.exceptions.entry.label)
 *(.exceptions.entry.user)
 *(.exceptions.entry.ecc_fatal)
 *(.exceptions.entry)
 *(.exceptions.irqtest.user)
 *(.exceptions.irqtest)
 *(.exceptions.irqhandler.user)
 *(.exceptions.irqhandler)
 *(.exceptions.irqreturn.user)
 *(.exceptions.irqreturn)
 *(.exceptions.notirq.label)
 *(.exceptions.notirq.user)
 *(.exceptions.notirq)
 *(.exceptions.soft.user)
 *(.exceptions.soft)
 *(.exceptions.unknown.user)
 *(.exceptions.unknown)
 *(.exceptions.exit.label)
 *(.exceptions.exit.user)
 *(.exceptions.exit)
 *(.exceptions)
                0x0000000000800020                PROVIDE (__ram_exceptions_end, ABSOLUTE (.))
                0x0000000000800020                PROVIDE (__flash_exceptions_start, LOADADDR (.exceptions))

.text           0x0000000000800020      0x21c
                [!provide]                        PROVIDE (stext, ABSOLUTE (.))
 *(.interp)
 *(.hash)
 *(.dynsym)
 *(.dynstr)
 *(.gnu.version)
 *(.gnu.version_d)
 *(.gnu.version_r)
 *(.rel.init)
 *(.rela.init)
 *(.rel.text .rel.text.* .rel.gnu.linkonce.t.*)
 *(.rela.text .rela.text.* .rela.gnu.linkonce.t.*)
 *(.rel.fini)
 *(.rela.fini)
 *(.rel.rodata .rel.rodata.* .rel.gnu.linkonce.r.*)
 *(.rela.rodata .rela.rodata.* .rela.gnu.linkonce.r.*)
 *(.rel.data .rel.data.* .rel.gnu.linkonce.d.*)
 *(.rela.data .rela.data.* .rela.gnu.linkonce.d.*)
 *(.rel.tdata .rel.tdata.* .rel.gnu.linkonce.td.*)
 *(.rela.tdata .rela.tdata.* .rela.gnu.linkonce.td.*)
 *(.rel.tbss .rel.tbss.* .rel.gnu.linkonce.tb.*)
 *(.rela.tbss .rela.tbss.* .rela.gnu.linkonce.tb.*)
 *(.rel.ctors)
 *(.rela.ctors)
 *(.rel.dtors)
 *(.rela.dtors)
 *(.rel.got)
 *(.rela.got)
 *(.rel.sdata .rel.sdata.* .rel.gnu.linkonce.s.*)
 *(.rela.sdata .rela.sdata.* .rela.gnu.linkonce.s.*)
 *(.rel.sbss .rel.sbss.* .rel.gnu.linkonce.sb.*)
 *(.rela.sbss .rela.sbss.* .rela.gnu.linkonce.sb.*)
 *(.rel.sdata2 .rel.sdata2.* .rel.gnu.linkonce.s2.*)
 *(.rela.sdata2 .rela.sdata2.* .rela.gnu.linkonce.s2.*)
 *(.rel.sbss2 .rel.sbss2.* .rel.gnu.linkonce.sb2.*)
 *(.rela.sbss2 .rela.sbss2.* .rela.gnu.linkonce.sb2.*)
 *(.rel.bss .rel.bss.* .rel.gnu.linkonce.b.*)
 *(.rela.bss .rela.bss.* .rela.gnu.linkonce.b.*)
 *(.rel.plt)
 *(.rela.plt)
 *(.rel.dyn)
 *(.init)
 *(.plt)
 *(.text .stub .text.* .gnu.linkonce.t.*)
 .text          0x0000000000800020       0x3c C:/Users/natha/Desktop/ProjGit/SleepDevice/projSleepDevice_bsp//obj/HAL/src/crt0.o
                0x0000000000800020                _start
 .text          0x000000000080005c        0x0 obj/default/Main.o
 .text.startup  0x000000000080005c       0x18 obj/default/Main.o
                0x000000000080005c                main
 .text          0x0000000000800074       0xe0 C:/Users/natha/Desktop/ProjGit/SleepDevice/projSleepDevice_bsp/\libhal_bsp.a(alt_load.o)
                0x0000000000800074                alt_load
 .text          0x0000000000800154       0x2c C:/Users/natha/Desktop/ProjGit/SleepDevice/projSleepDevice_bsp/\libhal_bsp.a(alt_main.o)
                0x0000000000800154                alt_main
 .text          0x0000000000800180       0x38 C:/Users/natha/Desktop/ProjGit/SleepDevice/projSleepDevice_bsp/\libhal_bsp.a(alt_putstr.o)
                0x0000000000800180                alt_putstr
 .text          0x00000000008001b8       0x24 C:/Users/natha/Desktop/ProjGit/SleepDevice/projSleepDevice_bsp/\libhal_bsp.a(alt_sys_init.o)
                0x00000000008001b8                alt_irq_init
                0x00000000008001d8                alt_sys_init
 .text          0x00000000008001dc       0x34 C:/Users/natha/Desktop/ProjGit/SleepDevice/projSleepDevice_bsp/\libhal_bsp.a(altera_avalon_jtag_uart_write.o)
                0x00000000008001dc                altera_avalon_jtag_uart_write
 .text          0x0000000000800210        0x4 C:/Users/natha/Desktop/ProjGit/SleepDevice/projSleepDevice_bsp/\libhal_bsp.a(alt_dcache_flush_all.o)
                0x0000000000800210                alt_dcache_flush_all
 .text          0x0000000000800214        0x4 C:/Users/natha/Desktop/ProjGit/SleepDevice/projSleepDevice_bsp/\libhal_bsp.a(alt_icache_flush_all.o)
                0x0000000000800214                alt_icache_flush_all
 .text          0x0000000000800218        0x8 C:/Users/natha/Desktop/ProjGit/SleepDevice/projSleepDevice_bsp/\libhal_bsp.a(altera_nios2_qsys_irq.o)
                0x0000000000800218                altera_nios2_qsys_irq_init
 .text          0x0000000000800220        0x0 o:/altera/16.1/nios2eds/bin/gnu/h-x86_64-mingw32/bin/../lib/gcc/nios2-elf/5.3.0/../../../../../H-x86_64-mingw32/nios2-elf/lib/mno-hw-mul\libsmallc.a(lib_a-strlen.o)
 .text.strlen   0x0000000000800220       0x1c o:/altera/16.1/nios2eds/bin/gnu/h-x86_64-mingw32/bin/../lib/gcc/nios2-elf/5.3.0/../../../../../H-x86_64-mingw32/nios2-elf/lib/mno-hw-mul\libsmallc.a(lib_a-strlen.o)
                0x0000000000800220                strlen
 *(.gnu.warning.*)
 *(.fini)
                [!provide]                        PROVIDE (__etext, ABSOLUTE (.))
                [!provide]                        PROVIDE (_etext, ABSOLUTE (.))
                [!provide]                        PROVIDE (etext, ABSOLUTE (.))
 *(.eh_frame_hdr)
                0x000000000080023c                . = ALIGN (0x4)
                [!provide]                        PROVIDE (__preinit_array_start, ABSOLUTE (.))
 *(.preinit_array)
                [!provide]                        PROVIDE (__preinit_array_end, ABSOLUTE (.))
                [!provide]                        PROVIDE (__init_array_start, ABSOLUTE (.))
 *(.init_array)
                [!provide]                        PROVIDE (__init_array_end, ABSOLUTE (.))
                [!provide]                        PROVIDE (__fini_array_start, ABSOLUTE (.))
 *(.fini_array)
                [!provide]                        PROVIDE (__fini_array_end, ABSOLUTE (.))
 *(.eh_frame)
 *(.gcc_except_table .gcc_except_table.*)
 *(.dynamic)
                [!provide]                        PROVIDE (__CTOR_LIST__, ABSOLUTE (.))
 *(.ctors)
 *(SORT(.ctors.*))
                [!provide]                        PROVIDE (__CTOR_END__, ABSOLUTE (.))
                [!provide]                        PROVIDE (__DTOR_LIST__, ABSOLUTE (.))
 *(.dtors)
 *(SORT(.dtors.*))
                [!provide]                        PROVIDE (__DTOR_END__, ABSOLUTE (.))
 *(.jcr)
                0x000000000080023c                . = ALIGN (0x4)

.rodata         0x000000000080023c       0x18
                0x000000000080023c                PROVIDE (__ram_rodata_start, ABSOLUTE (.))
                0x000000000080023c                . = ALIGN (0x4)
 *(.rodata .rodata.* .gnu.linkonce.r.*)
 .rodata.str1.4
                0x000000000080023c       0x18 obj/default/Main.o
                                         0x15 (size before relaxing)
 *(.rodata1)
                0x0000000000800254                . = ALIGN (0x4)
                0x0000000000800254                PROVIDE (__ram_rodata_end, ABSOLUTE (.))
                0x000000000080023c                PROVIDE (__flash_rodata_start, LOADADDR (.rodata))

.rwdata         0x0000000000800254        0x4 load address 0x0000000000800258
                0x0000000000800254                PROVIDE (__ram_rwdata_start, ABSOLUTE (.))
                0x0000000000800254                . = ALIGN (0x4)
 *(.got.plt)
 *(.got)
 *(.data1)
 *(.data .data.* .gnu.linkonce.d.*)
 .data          0x0000000000800254        0x0 C:/Users/natha/Desktop/ProjGit/SleepDevice/projSleepDevice_bsp//obj/HAL/src/crt0.o
 .data          0x0000000000800254        0x0 obj/default/Main.o
 .data          0x0000000000800254        0x0 C:/Users/natha/Desktop/ProjGit/SleepDevice/projSleepDevice_bsp/\libhal_bsp.a(alt_load.o)
 .data          0x0000000000800254        0x0 C:/Users/natha/Desktop/ProjGit/SleepDevice/projSleepDevice_bsp/\libhal_bsp.a(alt_main.o)
 .data          0x0000000000800254        0x0 C:/Users/natha/Desktop/ProjGit/SleepDevice/projSleepDevice_bsp/\libhal_bsp.a(alt_putstr.o)
 .data          0x0000000000800254        0x0 C:/Users/natha/Desktop/ProjGit/SleepDevice/projSleepDevice_bsp/\libhal_bsp.a(alt_sys_init.o)
 .data          0x0000000000800254        0x0 C:/Users/natha/Desktop/ProjGit/SleepDevice/projSleepDevice_bsp/\libhal_bsp.a(altera_avalon_jtag_uart_write.o)
 .data          0x0000000000800254        0x0 C:/Users/natha/Desktop/ProjGit/SleepDevice/projSleepDevice_bsp/\libhal_bsp.a(alt_dcache_flush_all.o)
 .data          0x0000000000800254        0x0 C:/Users/natha/Desktop/ProjGit/SleepDevice/projSleepDevice_bsp/\libhal_bsp.a(alt_icache_flush_all.o)
 .data          0x0000000000800254        0x0 C:/Users/natha/Desktop/ProjGit/SleepDevice/projSleepDevice_bsp/\libhal_bsp.a(altera_nios2_qsys_irq.o)
 .data          0x0000000000800254        0x0 o:/altera/16.1/nios2eds/bin/gnu/h-x86_64-mingw32/bin/../lib/gcc/nios2-elf/5.3.0/../../../../../H-x86_64-mingw32/nios2-elf/lib/mno-hw-mul\libsmallc.a(lib_a-strlen.o)
                0x0000000000808254                _gp = ABSOLUTE ((. + 0x8000))
                [!provide]                        PROVIDE (gp, _gp)
 *(.rwdata .rwdata.*)
 *(.sdata .sdata.* .gnu.linkonce.s.*)
 .sdata         0x0000000000800254        0x4 C:/Users/natha/Desktop/ProjGit/SleepDevice/projSleepDevice_bsp/\libhal_bsp.a(alt_sys_init.o)
                0x0000000000800254                jtag_uart_0
 *(.sdata2 .sdata2.* .gnu.linkonce.s2.*)
                0x0000000000800258                . = ALIGN (0x4)
                0x0000000000800258                _edata = ABSOLUTE (.)
                [!provide]                        PROVIDE (edata, ABSOLUTE (.))
                0x0000000000800258                PROVIDE (__ram_rwdata_end, ABSOLUTE (.))
                0x0000000000800258                PROVIDE (__flash_rwdata_start, LOADADDR (.rwdata))

.bss            0x000000000080025c        0xc
                0x000000000080025c                __bss_start = ABSOLUTE (.)
                [!provide]                        PROVIDE (__sbss_start, ABSOLUTE (.))
                [!provide]                        PROVIDE (___sbss_start, ABSOLUTE (.))
 *(.dynsbss)
 *(.sbss .sbss.* .gnu.linkonce.sb.*)
 .sbss          0x000000000080025c        0xc C:/Users/natha/Desktop/ProjGit/SleepDevice/projSleepDevice_bsp/\libhal_bsp.a(alt_main.o)
                0x000000000080025c                alt_envp
                0x0000000000800260                alt_argv
                0x0000000000800264                alt_argc
 *(.sbss2 .sbss2.* .gnu.linkonce.sb2.*)
 *(.scommon)
                [!provide]                        PROVIDE (__sbss_end, ABSOLUTE (.))
                [!provide]                        PROVIDE (___sbss_end, ABSOLUTE (.))
 *(.dynbss)
 *(.bss .bss.* .gnu.linkonce.b.*)
 .bss           0x0000000000800268        0x0 C:/Users/natha/Desktop/ProjGit/SleepDevice/projSleepDevice_bsp//obj/HAL/src/crt0.o
 .bss           0x0000000000800268        0x0 obj/default/Main.o
 .bss           0x0000000000800268        0x0 C:/Users/natha/Desktop/ProjGit/SleepDevice/projSleepDevice_bsp/\libhal_bsp.a(alt_load.o)
 .bss           0x0000000000800268        0x0 C:/Users/natha/Desktop/ProjGit/SleepDevice/projSleepDevice_bsp/\libhal_bsp.a(alt_main.o)
 .bss           0x0000000000800268        0x0 C:/Users/natha/Desktop/ProjGit/SleepDevice/projSleepDevice_bsp/\libhal_bsp.a(alt_putstr.o)
 .bss           0x0000000000800268        0x0 C:/Users/natha/Desktop/ProjGit/SleepDevice/projSleepDevice_bsp/\libhal_bsp.a(alt_sys_init.o)
 .bss           0x0000000000800268        0x0 C:/Users/natha/Desktop/ProjGit/SleepDevice/projSleepDevice_bsp/\libhal_bsp.a(altera_avalon_jtag_uart_write.o)
 .bss           0x0000000000800268        0x0 C:/Users/natha/Desktop/ProjGit/SleepDevice/projSleepDevice_bsp/\libhal_bsp.a(alt_dcache_flush_all.o)
 .bss           0x0000000000800268        0x0 C:/Users/natha/Desktop/ProjGit/SleepDevice/projSleepDevice_bsp/\libhal_bsp.a(alt_icache_flush_all.o)
 .bss           0x0000000000800268        0x0 C:/Users/natha/Desktop/ProjGit/SleepDevice/projSleepDevice_bsp/\libhal_bsp.a(altera_nios2_qsys_irq.o)
 .bss           0x0000000000800268        0x0 o:/altera/16.1/nios2eds/bin/gnu/h-x86_64-mingw32/bin/../lib/gcc/nios2-elf/5.3.0/../../../../../H-x86_64-mingw32/nios2-elf/lib/mno-hw-mul\libsmallc.a(lib_a-strlen.o)
 *(COMMON)
                0x0000000000800268                . = ALIGN (0x4)
                0x0000000000800268                __bss_end = ABSOLUTE (.)

.new_sdram_controller_0
                0x0000000000800268        0x0
                [!provide]                        PROVIDE (_alt_partition_new_sdram_controller_0_start, ABSOLUTE (.))
 *(.new_sdram_controller_0 .new_sdram_controller_0. new_sdram_controller_0.*)
                0x0000000000800268                . = ALIGN (0x4)
                [!provide]                        PROVIDE (_alt_partition_new_sdram_controller_0_end, ABSOLUTE (.))
                0x0000000000800268                _end = ABSOLUTE (.)
                0x0000000000800268                end = ABSOLUTE (.)
                0x0000000000800268                __alt_stack_base = ABSOLUTE (.)
                [!provide]                        PROVIDE (_alt_partition_new_sdram_controller_0_load_addr, LOADADDR (.new_sdram_controller_0))

.onchip_memory2_0
                0x0000000001010000        0x0 load address 0x0000000000800268
                [!provide]                        PROVIDE (_alt_partition_onchip_memory2_0_start, ABSOLUTE (.))
 *(.onchip_memory2_0 .onchip_memory2_0. onchip_memory2_0.*)
                0x0000000001010000                . = ALIGN (0x4)
                [!provide]                        PROVIDE (_alt_partition_onchip_memory2_0_end, ABSOLUTE (.))
                [!provide]                        PROVIDE (_alt_partition_onchip_memory2_0_load_addr, LOADADDR (.onchip_memory2_0))

.stab
 *(.stab)

.stabstr
 *(.stabstr)

.stab.excl
 *(.stab.excl)

.stab.exclstr
 *(.stab.exclstr)

.stab.index
 *(.stab.index)

.stab.indexstr
 *(.stab.indexstr)

.comment        0x0000000000000000       0x23
 *(.comment)
 .comment       0x0000000000000000       0x23 obj/default/Main.o
                                         0x24 (size before relaxing)
 .comment       0x0000000000000023       0x24 C:/Users/natha/Desktop/ProjGit/SleepDevice/projSleepDevice_bsp/\libhal_bsp.a(alt_load.o)
 .comment       0x0000000000000023       0x24 C:/Users/natha/Desktop/ProjGit/SleepDevice/projSleepDevice_bsp/\libhal_bsp.a(alt_main.o)
 .comment       0x0000000000000023       0x24 C:/Users/natha/Desktop/ProjGit/SleepDevice/projSleepDevice_bsp/\libhal_bsp.a(alt_putstr.o)
 .comment       0x0000000000000023       0x24 C:/Users/natha/Desktop/ProjGit/SleepDevice/projSleepDevice_bsp/\libhal_bsp.a(alt_sys_init.o)
 .comment       0x0000000000000023       0x24 C:/Users/natha/Desktop/ProjGit/SleepDevice/projSleepDevice_bsp/\libhal_bsp.a(altera_avalon_jtag_uart_write.o)
 .comment       0x0000000000000023       0x24 C:/Users/natha/Desktop/ProjGit/SleepDevice/projSleepDevice_bsp/\libhal_bsp.a(alt_dcache_flush_all.o)
 .comment       0x0000000000000023       0x24 C:/Users/natha/Desktop/ProjGit/SleepDevice/projSleepDevice_bsp/\libhal_bsp.a(alt_icache_flush_all.o)
 .comment       0x0000000000000023       0x24 C:/Users/natha/Desktop/ProjGit/SleepDevice/projSleepDevice_bsp/\libhal_bsp.a(altera_nios2_qsys_irq.o)
 .comment       0x0000000000000023       0x24 o:/altera/16.1/nios2eds/bin/gnu/h-x86_64-mingw32/bin/../lib/gcc/nios2-elf/5.3.0/../../../../../H-x86_64-mingw32/nios2-elf/lib/mno-hw-mul\libsmallc.a(lib_a-strlen.o)

.debug
 *(.debug)

.line
 *(.line)

.debug_srcinfo
 *(.debug_srcinfo)

.debug_sfnames
 *(.debug_sfnames)

.debug_aranges  0x0000000000000000      0x168
 *(.debug_aranges)
 .debug_aranges
                0x0000000000000000       0x28 C:/Users/natha/Desktop/ProjGit/SleepDevice/projSleepDevice_bsp//obj/HAL/src/crt0.o
 .debug_aranges
                0x0000000000000028       0x20 obj/default/Main.o
 .debug_aranges
                0x0000000000000048       0x20 C:/Users/natha/Desktop/ProjGit/SleepDevice/projSleepDevice_bsp/\libhal_bsp.a(alt_load.o)
 .debug_aranges
                0x0000000000000068       0x20 C:/Users/natha/Desktop/ProjGit/SleepDevice/projSleepDevice_bsp/\libhal_bsp.a(alt_main.o)
 .debug_aranges
                0x0000000000000088       0x20 C:/Users/natha/Desktop/ProjGit/SleepDevice/projSleepDevice_bsp/\libhal_bsp.a(alt_putstr.o)
 .debug_aranges
                0x00000000000000a8       0x20 C:/Users/natha/Desktop/ProjGit/SleepDevice/projSleepDevice_bsp/\libhal_bsp.a(alt_sys_init.o)
 .debug_aranges
                0x00000000000000c8       0x20 C:/Users/natha/Desktop/ProjGit/SleepDevice/projSleepDevice_bsp/\libhal_bsp.a(altera_avalon_jtag_uart_write.o)
 .debug_aranges
                0x00000000000000e8       0x20 C:/Users/natha/Desktop/ProjGit/SleepDevice/projSleepDevice_bsp/\libhal_bsp.a(alt_dcache_flush_all.o)
 .debug_aranges
                0x0000000000000108       0x20 C:/Users/natha/Desktop/ProjGit/SleepDevice/projSleepDevice_bsp/\libhal_bsp.a(alt_icache_flush_all.o)
 .debug_aranges
                0x0000000000000128       0x20 C:/Users/natha/Desktop/ProjGit/SleepDevice/projSleepDevice_bsp/\libhal_bsp.a(altera_nios2_qsys_irq.o)
 .debug_aranges
                0x0000000000000148       0x20 o:/altera/16.1/nios2eds/bin/gnu/h-x86_64-mingw32/bin/../lib/gcc/nios2-elf/5.3.0/../../../../../H-x86_64-mingw32/nios2-elf/lib/mno-hw-mul\libsmallc.a(lib_a-strlen.o)

.debug_pubnames
 *(.debug_pubnames)

.debug_info     0x0000000000000000      0xb36
 *(.debug_info .gnu.linkonce.wi.*)
 .debug_info    0x0000000000000000       0x73 C:/Users/natha/Desktop/ProjGit/SleepDevice/projSleepDevice_bsp//obj/HAL/src/crt0.o
 .debug_info    0x0000000000000073       0xa4 obj/default/Main.o
 .debug_info    0x0000000000000117      0x1c9 C:/Users/natha/Desktop/ProjGit/SleepDevice/projSleepDevice_bsp/\libhal_bsp.a(alt_load.o)
 .debug_info    0x00000000000002e0      0x169 C:/Users/natha/Desktop/ProjGit/SleepDevice/projSleepDevice_bsp/\libhal_bsp.a(alt_main.o)
 .debug_info    0x0000000000000449      0x13a C:/Users/natha/Desktop/ProjGit/SleepDevice/projSleepDevice_bsp/\libhal_bsp.a(alt_putstr.o)
 .debug_info    0x0000000000000583      0x19d C:/Users/natha/Desktop/ProjGit/SleepDevice/projSleepDevice_bsp/\libhal_bsp.a(alt_sys_init.o)
 .debug_info    0x0000000000000720      0x197 C:/Users/natha/Desktop/ProjGit/SleepDevice/projSleepDevice_bsp/\libhal_bsp.a(altera_avalon_jtag_uart_write.o)
 .debug_info    0x00000000000008b7       0x92 C:/Users/natha/Desktop/ProjGit/SleepDevice/projSleepDevice_bsp/\libhal_bsp.a(alt_dcache_flush_all.o)
 .debug_info    0x0000000000000949       0x92 C:/Users/natha/Desktop/ProjGit/SleepDevice/projSleepDevice_bsp/\libhal_bsp.a(alt_icache_flush_all.o)
 .debug_info    0x00000000000009db       0x92 C:/Users/natha/Desktop/ProjGit/SleepDevice/projSleepDevice_bsp/\libhal_bsp.a(altera_nios2_qsys_irq.o)
 .debug_info    0x0000000000000a6d       0xc9 o:/altera/16.1/nios2eds/bin/gnu/h-x86_64-mingw32/bin/../lib/gcc/nios2-elf/5.3.0/../../../../../H-x86_64-mingw32/nios2-elf/lib/mno-hw-mul\libsmallc.a(lib_a-strlen.o)

.debug_abbrev   0x0000000000000000      0x64d
 *(.debug_abbrev)
 .debug_abbrev  0x0000000000000000       0x12 C:/Users/natha/Desktop/ProjGit/SleepDevice/projSleepDevice_bsp//obj/HAL/src/crt0.o
 .debug_abbrev  0x0000000000000012       0x7a obj/default/Main.o
 .debug_abbrev  0x000000000000008c       0xd8 C:/Users/natha/Desktop/ProjGit/SleepDevice/projSleepDevice_bsp/\libhal_bsp.a(alt_load.o)
 .debug_abbrev  0x0000000000000164       0xee C:/Users/natha/Desktop/ProjGit/SleepDevice/projSleepDevice_bsp/\libhal_bsp.a(alt_main.o)
 .debug_abbrev  0x0000000000000252       0xd3 C:/Users/natha/Desktop/ProjGit/SleepDevice/projSleepDevice_bsp/\libhal_bsp.a(alt_putstr.o)
 .debug_abbrev  0x0000000000000325      0x10e C:/Users/natha/Desktop/ProjGit/SleepDevice/projSleepDevice_bsp/\libhal_bsp.a(alt_sys_init.o)
 .debug_abbrev  0x0000000000000433       0xd5 C:/Users/natha/Desktop/ProjGit/SleepDevice/projSleepDevice_bsp/\libhal_bsp.a(altera_avalon_jtag_uart_write.o)
 .debug_abbrev  0x0000000000000508       0x42 C:/Users/natha/Desktop/ProjGit/SleepDevice/projSleepDevice_bsp/\libhal_bsp.a(alt_dcache_flush_all.o)
 .debug_abbrev  0x000000000000054a       0x42 C:/Users/natha/Desktop/ProjGit/SleepDevice/projSleepDevice_bsp/\libhal_bsp.a(alt_icache_flush_all.o)
 .debug_abbrev  0x000000000000058c       0x42 C:/Users/natha/Desktop/ProjGit/SleepDevice/projSleepDevice_bsp/\libhal_bsp.a(altera_nios2_qsys_irq.o)
 .debug_abbrev  0x00000000000005ce       0x7f o:/altera/16.1/nios2eds/bin/gnu/h-x86_64-mingw32/bin/../lib/gcc/nios2-elf/5.3.0/../../../../../H-x86_64-mingw32/nios2-elf/lib/mno-hw-mul\libsmallc.a(lib_a-strlen.o)

.debug_line     0x0000000000000000      0x75a
 *(.debug_line)
 .debug_line    0x0000000000000000       0x66 C:/Users/natha/Desktop/ProjGit/SleepDevice/projSleepDevice_bsp//obj/HAL/src/crt0.o
 .debug_line    0x0000000000000066       0xa9 obj/default/Main.o
 .debug_line    0x000000000000010f       0xa4 C:/Users/natha/Desktop/ProjGit/SleepDevice/projSleepDevice_bsp/\libhal_bsp.a(alt_load.o)
 .debug_line    0x00000000000001b3       0xbd C:/Users/natha/Desktop/ProjGit/SleepDevice/projSleepDevice_bsp/\libhal_bsp.a(alt_main.o)
 .debug_line    0x0000000000000270       0x98 C:/Users/natha/Desktop/ProjGit/SleepDevice/projSleepDevice_bsp/\libhal_bsp.a(alt_putstr.o)
 .debug_line    0x0000000000000308      0x11a C:/Users/natha/Desktop/ProjGit/SleepDevice/projSleepDevice_bsp/\libhal_bsp.a(alt_sys_init.o)
 .debug_line    0x0000000000000422       0xf0 C:/Users/natha/Desktop/ProjGit/SleepDevice/projSleepDevice_bsp/\libhal_bsp.a(altera_avalon_jtag_uart_write.o)
 .debug_line    0x0000000000000512       0x4e C:/Users/natha/Desktop/ProjGit/SleepDevice/projSleepDevice_bsp/\libhal_bsp.a(alt_dcache_flush_all.o)
 .debug_line    0x0000000000000560       0x4e C:/Users/natha/Desktop/ProjGit/SleepDevice/projSleepDevice_bsp/\libhal_bsp.a(alt_icache_flush_all.o)
 .debug_line    0x00000000000005ae       0x50 C:/Users/natha/Desktop/ProjGit/SleepDevice/projSleepDevice_bsp/\libhal_bsp.a(altera_nios2_qsys_irq.o)
 .debug_line    0x00000000000005fe      0x15c o:/altera/16.1/nios2eds/bin/gnu/h-x86_64-mingw32/bin/../lib/gcc/nios2-elf/5.3.0/../../../../../H-x86_64-mingw32/nios2-elf/lib/mno-hw-mul\libsmallc.a(lib_a-strlen.o)

.debug_frame    0x0000000000000000      0x190
 *(.debug_frame)
 .debug_frame   0x0000000000000000       0x28 obj/default/Main.o
 .debug_frame   0x0000000000000028       0x30 C:/Users/natha/Desktop/ProjGit/SleepDevice/projSleepDevice_bsp/\libhal_bsp.a(alt_load.o)
 .debug_frame   0x0000000000000058       0x2c C:/Users/natha/Desktop/ProjGit/SleepDevice/projSleepDevice_bsp/\libhal_bsp.a(alt_main.o)
 .debug_frame   0x0000000000000084       0x30 C:/Users/natha/Desktop/ProjGit/SleepDevice/projSleepDevice_bsp/\libhal_bsp.a(alt_putstr.o)
 .debug_frame   0x00000000000000b4       0x3c C:/Users/natha/Desktop/ProjGit/SleepDevice/projSleepDevice_bsp/\libhal_bsp.a(alt_sys_init.o)
 .debug_frame   0x00000000000000f0       0x20 C:/Users/natha/Desktop/ProjGit/SleepDevice/projSleepDevice_bsp/\libhal_bsp.a(altera_avalon_jtag_uart_write.o)
 .debug_frame   0x0000000000000110       0x20 C:/Users/natha/Desktop/ProjGit/SleepDevice/projSleepDevice_bsp/\libhal_bsp.a(alt_dcache_flush_all.o)
 .debug_frame   0x0000000000000130       0x20 C:/Users/natha/Desktop/ProjGit/SleepDevice/projSleepDevice_bsp/\libhal_bsp.a(alt_icache_flush_all.o)
 .debug_frame   0x0000000000000150       0x20 C:/Users/natha/Desktop/ProjGit/SleepDevice/projSleepDevice_bsp/\libhal_bsp.a(altera_nios2_qsys_irq.o)
 .debug_frame   0x0000000000000170       0x20 o:/altera/16.1/nios2eds/bin/gnu/h-x86_64-mingw32/bin/../lib/gcc/nios2-elf/5.3.0/../../../../../H-x86_64-mingw32/nios2-elf/lib/mno-hw-mul\libsmallc.a(lib_a-strlen.o)

.debug_str      0x0000000000000000      0x62d
 *(.debug_str)
 .debug_str     0x0000000000000000       0xf0 obj/default/Main.o
                                        0x11c (size before relaxing)
 .debug_str     0x00000000000000f0      0x1b8 C:/Users/natha/Desktop/ProjGit/SleepDevice/projSleepDevice_bsp/\libhal_bsp.a(alt_load.o)
                                        0x241 (size before relaxing)
 .debug_str     0x00000000000002a8       0x8f C:/Users/natha/Desktop/ProjGit/SleepDevice/projSleepDevice_bsp/\libhal_bsp.a(alt_main.o)
                                        0x1ba (size before relaxing)
 .debug_str     0x0000000000000337       0x66 C:/Users/natha/Desktop/ProjGit/SleepDevice/projSleepDevice_bsp/\libhal_bsp.a(alt_putstr.o)
                                        0x197 (size before relaxing)
 .debug_str     0x000000000000039d       0xb9 C:/Users/natha/Desktop/ProjGit/SleepDevice/projSleepDevice_bsp/\libhal_bsp.a(alt_sys_init.o)
                                        0x263 (size before relaxing)
 .debug_str     0x0000000000000456       0x3f C:/Users/natha/Desktop/ProjGit/SleepDevice/projSleepDevice_bsp/\libhal_bsp.a(altera_avalon_jtag_uart_write.o)
                                        0x21a (size before relaxing)
 .debug_str     0x0000000000000495       0x1f C:/Users/natha/Desktop/ProjGit/SleepDevice/projSleepDevice_bsp/\libhal_bsp.a(alt_dcache_flush_all.o)
                                        0x15a (size before relaxing)
 .debug_str     0x00000000000004b4       0x1f C:/Users/natha/Desktop/ProjGit/SleepDevice/projSleepDevice_bsp/\libhal_bsp.a(alt_icache_flush_all.o)
                                        0x15a (size before relaxing)
 .debug_str     0x00000000000004d3       0x20 C:/Users/natha/Desktop/ProjGit/SleepDevice/projSleepDevice_bsp/\libhal_bsp.a(altera_nios2_qsys_irq.o)
                                        0x161 (size before relaxing)
 .debug_str     0x00000000000004f3      0x13a o:/altera/16.1/nios2eds/bin/gnu/h-x86_64-mingw32/bin/../lib/gcc/nios2-elf/5.3.0/../../../../../H-x86_64-mingw32/nios2-elf/lib/mno-hw-mul\libsmallc.a(lib_a-strlen.o)
                                        0x1e5 (size before relaxing)

.debug_loc      0x0000000000000000      0x101
 *(.debug_loc)
 .debug_loc     0x0000000000000000       0x37 C:/Users/natha/Desktop/ProjGit/SleepDevice/projSleepDevice_bsp/\libhal_bsp.a(alt_putstr.o)
 .debug_loc     0x0000000000000037       0x21 C:/Users/natha/Desktop/ProjGit/SleepDevice/projSleepDevice_bsp/\libhal_bsp.a(alt_sys_init.o)
 .debug_loc     0x0000000000000058       0x8b C:/Users/natha/Desktop/ProjGit/SleepDevice/projSleepDevice_bsp/\libhal_bsp.a(altera_avalon_jtag_uart_write.o)
 .debug_loc     0x00000000000000e3       0x1e o:/altera/16.1/nios2eds/bin/gnu/h-x86_64-mingw32/bin/../lib/gcc/nios2-elf/5.3.0/../../../../../H-x86_64-mingw32/nios2-elf/lib/mno-hw-mul\libsmallc.a(lib_a-strlen.o)

.debug_macinfo
 *(.debug_macinfo)

.debug_weaknames
 *(.debug_weaknames)

.debug_funcnames
 *(.debug_funcnames)

.debug_typenames
 *(.debug_typenames)

.debug_varnames
 *(.debug_varnames)

.debug_alt_sim_info
                0x0000000000000000       0x10
 *(.debug_alt_sim_info)
 .debug_alt_sim_info
                0x0000000000000000       0x10 C:/Users/natha/Desktop/ProjGit/SleepDevice/projSleepDevice_bsp//obj/HAL/src/crt0.o
                0x0000000001000000                __alt_data_end = 0x1000000
                0x0000000001000000                PROVIDE (__alt_stack_pointer, __alt_data_end)
                [!provide]                        PROVIDE (__alt_stack_limit, __alt_stack_base)
                [!provide]                        PROVIDE (__alt_heap_start, end)
                [!provide]                        PROVIDE (__alt_heap_limit, 0x1000000)
OUTPUT(projSleepDevice.elf elf32-littlenios2)

.debug_ranges   0x0000000000000000       0x88
 .debug_ranges  0x0000000000000000       0x20 C:/Users/natha/Desktop/ProjGit/SleepDevice/projSleepDevice_bsp//obj/HAL/src/crt0.o
 .debug_ranges  0x0000000000000020       0x10 obj/default/Main.o
 .debug_ranges  0x0000000000000030       0x48 C:/Users/natha/Desktop/ProjGit/SleepDevice/projSleepDevice_bsp/\libhal_bsp.a(alt_load.o)
 .debug_ranges  0x0000000000000078       0x10 o:/altera/16.1/nios2eds/bin/gnu/h-x86_64-mingw32/bin/../lib/gcc/nios2-elf/5.3.0/../../../../../H-x86_64-mingw32/nios2-elf/lib/mno-hw-mul\libsmallc.a(lib_a-strlen.o)
