Archive member included to satisfy reference by file (symbol)

C:\Users\natha\Desktop\MyGithub\SleepDevice\projSleepDevice_bsp\libhal_bsp.a(alt_load.o)
                              C:\Users\natha\Desktop\MyGithub\SleepDevice\projSleepDevice_bsp/obj/HAL/src/crt0.o (alt_load)
C:\Users\natha\Desktop\MyGithub\SleepDevice\projSleepDevice_bsp\libhal_bsp.a(alt_main.o)
                              C:\Users\natha\Desktop\MyGithub\SleepDevice\projSleepDevice_bsp/obj/HAL/src/crt0.o (alt_main)
C:\Users\natha\Desktop\MyGithub\SleepDevice\projSleepDevice_bsp\libhal_bsp.a(alt_putstr.o)
                              obj/default/Main.o (alt_putstr)
C:\Users\natha\Desktop\MyGithub\SleepDevice\projSleepDevice_bsp\libhal_bsp.a(alt_sys_init.o)
                              C:\Users\natha\Desktop\MyGithub\SleepDevice\projSleepDevice_bsp\libhal_bsp.a(alt_main.o) (alt_irq_init)
C:\Users\natha\Desktop\MyGithub\SleepDevice\projSleepDevice_bsp\libhal_bsp.a(altera_avalon_jtag_uart_write.o)
                              C:\Users\natha\Desktop\MyGithub\SleepDevice\projSleepDevice_bsp\libhal_bsp.a(alt_putstr.o) (altera_avalon_jtag_uart_write)
C:\Users\natha\Desktop\MyGithub\SleepDevice\projSleepDevice_bsp\libhal_bsp.a(altera_avalon_timer_sc.o)
                              C:\Users\natha\Desktop\MyGithub\SleepDevice\projSleepDevice_bsp\libhal_bsp.a(alt_sys_init.o) (alt_avalon_timer_sc_init)
C:\Users\natha\Desktop\MyGithub\SleepDevice\projSleepDevice_bsp\libhal_bsp.a(alt_dcache_flush_all.o)
                              C:\Users\natha\Desktop\MyGithub\SleepDevice\projSleepDevice_bsp\libhal_bsp.a(alt_load.o) (alt_dcache_flush_all)
C:\Users\natha\Desktop\MyGithub\SleepDevice\projSleepDevice_bsp\libhal_bsp.a(alt_icache_flush_all.o)
                              C:\Users\natha\Desktop\MyGithub\SleepDevice\projSleepDevice_bsp\libhal_bsp.a(alt_load.o) (alt_icache_flush_all)
C:\Users\natha\Desktop\MyGithub\SleepDevice\projSleepDevice_bsp\libhal_bsp.a(alt_iic.o)
                              C:\Users\natha\Desktop\MyGithub\SleepDevice\projSleepDevice_bsp\libhal_bsp.a(altera_avalon_timer_sc.o) (alt_ic_isr_register)
C:\Users\natha\Desktop\MyGithub\SleepDevice\projSleepDevice_bsp\libhal_bsp.a(alt_iic_isr_register.o)
                              C:\Users\natha\Desktop\MyGithub\SleepDevice\projSleepDevice_bsp\libhal_bsp.a(alt_iic.o) (alt_iic_isr_register)
C:\Users\natha\Desktop\MyGithub\SleepDevice\projSleepDevice_bsp\libhal_bsp.a(alt_irq_entry.o)
                              C:\Users\natha\Desktop\MyGithub\SleepDevice\projSleepDevice_bsp\libhal_bsp.a(alt_iic_isr_register.o) (alt_irq_entry)
C:\Users\natha\Desktop\MyGithub\SleepDevice\projSleepDevice_bsp\libhal_bsp.a(alt_irq_handler.o)
                              C:\Users\natha\Desktop\MyGithub\SleepDevice\projSleepDevice_bsp\libhal_bsp.a(alt_iic_isr_register.o) (alt_irq_handler)
C:\Users\natha\Desktop\MyGithub\SleepDevice\projSleepDevice_bsp\libhal_bsp.a(alt_irq_vars.o)
                              C:\Users\natha\Desktop\MyGithub\SleepDevice\projSleepDevice_bsp\libhal_bsp.a(alt_iic.o) (alt_irq_active)
C:\Users\natha\Desktop\MyGithub\SleepDevice\projSleepDevice_bsp\libhal_bsp.a(alt_tick.o)
                              C:\Users\natha\Desktop\MyGithub\SleepDevice\projSleepDevice_bsp\libhal_bsp.a(altera_avalon_timer_sc.o) (alt_tick)
C:\Users\natha\Desktop\MyGithub\SleepDevice\projSleepDevice_bsp\libhal_bsp.a(altera_nios2_qsys_irq.o)
                              C:\Users\natha\Desktop\MyGithub\SleepDevice\projSleepDevice_bsp\libhal_bsp.a(alt_sys_init.o) (altera_nios2_qsys_irq_init)
C:\Users\natha\Desktop\MyGithub\SleepDevice\projSleepDevice_bsp\libhal_bsp.a(alt_exception_entry.o)
                              C:\Users\natha\Desktop\MyGithub\SleepDevice\projSleepDevice_bsp\libhal_bsp.a(alt_irq_entry.o) (alt_exception)
o:/altera/16.1/nios2eds/bin/gnu/h-x86_64-mingw32/bin/../lib/gcc/nios2-elf/5.3.0/../../../../../H-x86_64-mingw32/nios2-elf/lib/mno-hw-mul\libsmallc.a(lib_a-strlen.o)
                              C:\Users\natha\Desktop\MyGithub\SleepDevice\projSleepDevice_bsp\libhal_bsp.a(alt_putstr.o) (strlen)

Allocating common symbols
Common symbol       size              file

alt_irq             0x100             C:\Users\natha\Desktop\MyGithub\SleepDevice\projSleepDevice_bsp\libhal_bsp.a(alt_irq_handler.o)

Memory Configuration

Name             Origin             Length             Attributes
reset            0x0000000000800000 0x0000000000000020
new_sdram_controller_0 0x0000000000800020 0x00000000007fffe0
onchip_memory2_0 0x0000000001010000 0x000000000000c800
*default*        0x0000000000000000 0xffffffffffffffff

Linker script and memory map

LOAD C:\Users\natha\Desktop\MyGithub\SleepDevice\projSleepDevice_bsp/obj/HAL/src/crt0.o
LOAD obj/default/Main.o
LOAD o:/altera/16.1/nios2eds/bin/gnu/h-x86_64-mingw32/bin/../lib/gcc/nios2-elf/5.3.0/../../../../../H-x86_64-mingw32/nios2-elf/lib/mno-hw-mul\libstdc++.a
LOAD o:/altera/16.1/nios2eds/bin/gnu/h-x86_64-mingw32/bin/../lib/gcc/nios2-elf/5.3.0/../../../../../H-x86_64-mingw32/nios2-elf/lib/mno-hw-mul\libm.a
LOAD o:/altera/16.1/nios2eds/bin/gnu/h-x86_64-mingw32/bin/../lib/gcc/nios2-elf/5.3.0/mno-hw-mul\libgcc.a
START GROUP
LOAD o:/altera/16.1/nios2eds/bin/gnu/h-x86_64-mingw32/bin/../lib/gcc/nios2-elf/5.3.0/../../../../../H-x86_64-mingw32/nios2-elf/lib/mno-hw-mul\libsmallc.a
LOAD o:/altera/16.1/nios2eds/bin/gnu/h-x86_64-mingw32/bin/../lib/gcc/nios2-elf/5.3.0/mno-hw-mul\libgcc.a
LOAD C:\Users\natha\Desktop\MyGithub\SleepDevice\projSleepDevice_bsp\libhal_bsp.a
LOAD o:/altera/16.1/nios2eds/bin/gnu/h-x86_64-mingw32/bin/../lib/gcc/nios2-elf/5.3.0/../../../../../H-x86_64-mingw32/nios2-elf/lib/mno-hw-mul\libm.a
END GROUP
LOAD o:/altera/16.1/nios2eds/bin/gnu/h-x86_64-mingw32/bin/../lib/gcc/nios2-elf/5.3.0/mno-hw-mul\libgcc.a
                0x0000000000800000                __alt_mem_new_sdram_controller_0 = 0x800000
                0x0000000001010000                __alt_mem_onchip_memory2_0 = 0x1010000

.entry          0x0000000000800000       0x20
 *(.entry)
 .entry         0x0000000000800000       0x20 C:\Users\natha\Desktop\MyGithub\SleepDevice\projSleepDevice_bsp/obj/HAL/src/crt0.o
                0x0000000000800000                __reset
                0x000000000080000c                _exit

.exceptions     0x0000000000800020      0x12c
                0x0000000000800020                PROVIDE (__ram_exceptions_start, ABSOLUTE (.))
                0x0000000000800020                . = ALIGN (0x20)
 *(.irq)
 *(.exceptions.entry.label)
 .exceptions.entry.label
                0x0000000000800020        0x0 C:\Users\natha\Desktop\MyGithub\SleepDevice\projSleepDevice_bsp\libhal_bsp.a(alt_irq_entry.o)
                0x0000000000800020                alt_irq_entry
 .exceptions.entry.label
                0x0000000000800020        0x0 C:\Users\natha\Desktop\MyGithub\SleepDevice\projSleepDevice_bsp\libhal_bsp.a(alt_exception_entry.o)
                0x0000000000800020                alt_exception
 *(.exceptions.entry.user)
 *(.exceptions.entry.ecc_fatal)
 *(.exceptions.entry)
 .exceptions.entry
                0x0000000000800020       0x54 C:\Users\natha\Desktop\MyGithub\SleepDevice\projSleepDevice_bsp\libhal_bsp.a(alt_exception_entry.o)
 *(.exceptions.irqtest.user)
 *(.exceptions.irqtest)
 .exceptions.irqtest
                0x0000000000800074       0x10 C:\Users\natha\Desktop\MyGithub\SleepDevice\projSleepDevice_bsp\libhal_bsp.a(alt_irq_entry.o)
 *(.exceptions.irqhandler.user)
 *(.exceptions.irqhandler)
 .exceptions.irqhandler
                0x0000000000800084        0x4 C:\Users\natha\Desktop\MyGithub\SleepDevice\projSleepDevice_bsp\libhal_bsp.a(alt_irq_entry.o)
 *(.exceptions.irqreturn.user)
 *(.exceptions.irqreturn)
 .exceptions.irqreturn
                0x0000000000800088        0x4 C:\Users\natha\Desktop\MyGithub\SleepDevice\projSleepDevice_bsp\libhal_bsp.a(alt_irq_entry.o)
 *(.exceptions.notirq.label)
 .exceptions.notirq.label
                0x000000000080008c        0x0 C:\Users\natha\Desktop\MyGithub\SleepDevice\projSleepDevice_bsp\libhal_bsp.a(alt_irq_entry.o)
 *(.exceptions.notirq.user)
 *(.exceptions.notirq)
 .exceptions.notirq
                0x000000000080008c        0x8 C:\Users\natha\Desktop\MyGithub\SleepDevice\projSleepDevice_bsp\libhal_bsp.a(alt_exception_entry.o)
 *(.exceptions.soft.user)
 *(.exceptions.soft)
 *(.exceptions.unknown.user)
 *(.exceptions.unknown)
 .exceptions.unknown
                0x0000000000800094        0x4 C:\Users\natha\Desktop\MyGithub\SleepDevice\projSleepDevice_bsp\libhal_bsp.a(alt_exception_entry.o)
 *(.exceptions.exit.label)
 .exceptions.exit.label
                0x0000000000800098        0x0 C:\Users\natha\Desktop\MyGithub\SleepDevice\projSleepDevice_bsp\libhal_bsp.a(alt_irq_entry.o)
 .exceptions.exit.label
                0x0000000000800098        0x0 C:\Users\natha\Desktop\MyGithub\SleepDevice\projSleepDevice_bsp\libhal_bsp.a(alt_exception_entry.o)
 *(.exceptions.exit.user)
 *(.exceptions.exit)
 .exceptions.exit
                0x0000000000800098       0x54 C:\Users\natha\Desktop\MyGithub\SleepDevice\projSleepDevice_bsp\libhal_bsp.a(alt_exception_entry.o)
 *(.exceptions)
 .exceptions    0x00000000008000ec       0x60 C:\Users\natha\Desktop\MyGithub\SleepDevice\projSleepDevice_bsp\libhal_bsp.a(alt_irq_handler.o)
                0x00000000008000ec                alt_irq_handler
                0x000000000080014c                PROVIDE (__ram_exceptions_end, ABSOLUTE (.))
                0x0000000000800020                PROVIDE (__flash_exceptions_start, LOADADDR (.exceptions))

.text           0x000000000080014c      0x494
                [!provide]                        PROVIDE (stext, ABSOLUTE (.))
 *(.interp)
 *(.hash)
 *(.dynsym)
 *(.dynstr)
 *(.gnu.version)
 *(.gnu.version_d)
 *(.gnu.version_r)
 *(.rel.init)
 *(.rela.init)
 *(.rel.text .rel.text.* .rel.gnu.linkonce.t.*)
 *(.rela.text .rela.text.* .rela.gnu.linkonce.t.*)
 *(.rel.fini)
 *(.rela.fini)
 *(.rel.rodata .rel.rodata.* .rel.gnu.linkonce.r.*)
 *(.rela.rodata .rela.rodata.* .rela.gnu.linkonce.r.*)
 *(.rel.data .rel.data.* .rel.gnu.linkonce.d.*)
 *(.rela.data .rela.data.* .rela.gnu.linkonce.d.*)
 *(.rel.tdata .rel.tdata.* .rel.gnu.linkonce.td.*)
 *(.rela.tdata .rela.tdata.* .rela.gnu.linkonce.td.*)
 *(.rel.tbss .rel.tbss.* .rel.gnu.linkonce.tb.*)
 *(.rela.tbss .rela.tbss.* .rela.gnu.linkonce.tb.*)
 *(.rel.ctors)
 *(.rela.ctors)
 *(.rel.dtors)
 *(.rela.dtors)
 *(.rel.got)
 *(.rela.got)
 *(.rel.sdata .rel.sdata.* .rel.gnu.linkonce.s.*)
 *(.rela.sdata .rela.sdata.* .rela.gnu.linkonce.s.*)
 *(.rel.sbss .rel.sbss.* .rel.gnu.linkonce.sb.*)
 *(.rela.sbss .rela.sbss.* .rela.gnu.linkonce.sb.*)
 *(.rel.sdata2 .rel.sdata2.* .rel.gnu.linkonce.s2.*)
 *(.rela.sdata2 .rela.sdata2.* .rela.gnu.linkonce.s2.*)
 *(.rel.sbss2 .rel.sbss2.* .rel.gnu.linkonce.sb2.*)
 *(.rela.sbss2 .rela.sbss2.* .rela.gnu.linkonce.sb2.*)
 *(.rel.bss .rel.bss.* .rel.gnu.linkonce.b.*)
 *(.rela.bss .rela.bss.* .rela.gnu.linkonce.b.*)
 *(.rel.plt)
 *(.rela.plt)
 *(.rel.dyn)
 *(.init)
 *(.plt)
 *(.text .stub .text.* .gnu.linkonce.t.*)
 .text          0x000000000080014c       0x3c C:\Users\natha\Desktop\MyGithub\SleepDevice\projSleepDevice_bsp/obj/HAL/src/crt0.o
                0x000000000080014c                _start
 .text          0x0000000000800188        0x0 obj/default/Main.o
 .text.startup  0x0000000000800188       0x18 obj/default/Main.o
                0x0000000000800188                main
 .text          0x00000000008001a0       0xe0 C:\Users\natha\Desktop\MyGithub\SleepDevice\projSleepDevice_bsp\libhal_bsp.a(alt_load.o)
                0x00000000008001a0                alt_load
 .text          0x0000000000800280       0x2c C:\Users\natha\Desktop\MyGithub\SleepDevice\projSleepDevice_bsp\libhal_bsp.a(alt_main.o)
                0x0000000000800280                alt_main
 .text          0x00000000008002ac       0x38 C:\Users\natha\Desktop\MyGithub\SleepDevice\projSleepDevice_bsp\libhal_bsp.a(alt_putstr.o)
                0x00000000008002ac                alt_putstr
 .text          0x00000000008002e4       0x38 C:\Users\natha\Desktop\MyGithub\SleepDevice\projSleepDevice_bsp\libhal_bsp.a(alt_sys_init.o)
                0x00000000008002e4                alt_irq_init
                0x0000000000800304                alt_sys_init
 .text          0x000000000080031c       0x34 C:\Users\natha\Desktop\MyGithub\SleepDevice\projSleepDevice_bsp\libhal_bsp.a(altera_avalon_jtag_uart_write.o)
                0x000000000080031c                altera_avalon_jtag_uart_write
 .text          0x0000000000800350       0x84 C:\Users\natha\Desktop\MyGithub\SleepDevice\projSleepDevice_bsp\libhal_bsp.a(altera_avalon_timer_sc.o)
                0x000000000080038c                alt_avalon_timer_sc_init
 .text          0x00000000008003d4        0x4 C:\Users\natha\Desktop\MyGithub\SleepDevice\projSleepDevice_bsp\libhal_bsp.a(alt_dcache_flush_all.o)
                0x00000000008003d4                alt_dcache_flush_all
 .text          0x00000000008003d8        0x4 C:\Users\natha\Desktop\MyGithub\SleepDevice\projSleepDevice_bsp\libhal_bsp.a(alt_icache_flush_all.o)
                0x00000000008003d8                alt_icache_flush_all
 .text          0x00000000008003dc       0x8c C:\Users\natha\Desktop\MyGithub\SleepDevice\projSleepDevice_bsp\libhal_bsp.a(alt_iic.o)
                0x00000000008003dc                alt_ic_isr_register
                0x00000000008003e0                alt_ic_irq_enable
                0x0000000000800418                alt_ic_irq_disable
                0x0000000000800450                alt_ic_irq_enabled
 .text          0x0000000000800468       0x68 C:\Users\natha\Desktop\MyGithub\SleepDevice\projSleepDevice_bsp\libhal_bsp.a(alt_iic_isr_register.o)
                0x0000000000800468                alt_iic_isr_register
 .text          0x00000000008004d0        0x0 C:\Users\natha\Desktop\MyGithub\SleepDevice\projSleepDevice_bsp\libhal_bsp.a(alt_irq_entry.o)
 .text          0x00000000008004d0        0x0 C:\Users\natha\Desktop\MyGithub\SleepDevice\projSleepDevice_bsp\libhal_bsp.a(alt_irq_handler.o)
 .text          0x00000000008004d0        0x0 C:\Users\natha\Desktop\MyGithub\SleepDevice\projSleepDevice_bsp\libhal_bsp.a(alt_irq_vars.o)
 .text          0x00000000008004d0       0xec C:\Users\natha\Desktop\MyGithub\SleepDevice\projSleepDevice_bsp\libhal_bsp.a(alt_tick.o)
                0x00000000008004d0                alt_alarm_stop
                0x0000000000800504                alt_tick
 .text          0x00000000008005bc        0x8 C:\Users\natha\Desktop\MyGithub\SleepDevice\projSleepDevice_bsp\libhal_bsp.a(altera_nios2_qsys_irq.o)
                0x00000000008005bc                altera_nios2_qsys_irq_init
 .text          0x00000000008005c4        0x0 C:\Users\natha\Desktop\MyGithub\SleepDevice\projSleepDevice_bsp\libhal_bsp.a(alt_exception_entry.o)
 .text          0x00000000008005c4        0x0 o:/altera/16.1/nios2eds/bin/gnu/h-x86_64-mingw32/bin/../lib/gcc/nios2-elf/5.3.0/../../../../../H-x86_64-mingw32/nios2-elf/lib/mno-hw-mul\libsmallc.a(lib_a-strlen.o)
 .text.strlen   0x00000000008005c4       0x1c o:/altera/16.1/nios2eds/bin/gnu/h-x86_64-mingw32/bin/../lib/gcc/nios2-elf/5.3.0/../../../../../H-x86_64-mingw32/nios2-elf/lib/mno-hw-mul\libsmallc.a(lib_a-strlen.o)
                0x00000000008005c4                strlen
 *(.gnu.warning.*)
 *(.fini)
                [!provide]                        PROVIDE (__etext, ABSOLUTE (.))
                [!provide]                        PROVIDE (_etext, ABSOLUTE (.))
                [!provide]                        PROVIDE (etext, ABSOLUTE (.))
 *(.eh_frame_hdr)
                0x00000000008005e0                . = ALIGN (0x4)
                [!provide]                        PROVIDE (__preinit_array_start, ABSOLUTE (.))
 *(.preinit_array)
                [!provide]                        PROVIDE (__preinit_array_end, ABSOLUTE (.))
                [!provide]                        PROVIDE (__init_array_start, ABSOLUTE (.))
 *(.init_array)
                [!provide]                        PROVIDE (__init_array_end, ABSOLUTE (.))
                [!provide]                        PROVIDE (__fini_array_start, ABSOLUTE (.))
 *(.fini_array)
                [!provide]                        PROVIDE (__fini_array_end, ABSOLUTE (.))
 *(.eh_frame)
 *(.gcc_except_table .gcc_except_table.*)
 *(.dynamic)
                [!provide]                        PROVIDE (__CTOR_LIST__, ABSOLUTE (.))
 *(.ctors)
 *(SORT(.ctors.*))
                [!provide]                        PROVIDE (__CTOR_END__, ABSOLUTE (.))
                [!provide]                        PROVIDE (__DTOR_LIST__, ABSOLUTE (.))
 *(.dtors)
 *(SORT(.dtors.*))
                [!provide]                        PROVIDE (__DTOR_END__, ABSOLUTE (.))
 *(.jcr)
                0x00000000008005e0                . = ALIGN (0x4)

.rodata         0x00000000008005e0       0x18
                0x00000000008005e0                PROVIDE (__ram_rodata_start, ABSOLUTE (.))
                0x00000000008005e0                . = ALIGN (0x4)
 *(.rodata .rodata.* .gnu.linkonce.r.*)
 .rodata.str1.4
                0x00000000008005e0       0x18 obj/default/Main.o
                                         0x15 (size before relaxing)
 *(.rodata1)
                0x00000000008005f8                . = ALIGN (0x4)
                0x00000000008005f8                PROVIDE (__ram_rodata_end, ABSOLUTE (.))
                0x00000000008005e0                PROVIDE (__flash_rodata_start, LOADADDR (.rodata))

.rwdata         0x00000000008005f8       0x10 load address 0x0000000000800608
                0x00000000008005f8                PROVIDE (__ram_rwdata_start, ABSOLUTE (.))
                0x00000000008005f8                . = ALIGN (0x4)
 *(.got.plt)
 *(.got)
 *(.data1)
 *(.data .data.* .gnu.linkonce.d.*)
 .data          0x00000000008005f8        0x0 C:\Users\natha\Desktop\MyGithub\SleepDevice\projSleepDevice_bsp/obj/HAL/src/crt0.o
 .data          0x00000000008005f8        0x0 obj/default/Main.o
 .data          0x00000000008005f8        0x0 C:\Users\natha\Desktop\MyGithub\SleepDevice\projSleepDevice_bsp\libhal_bsp.a(alt_load.o)
 .data          0x00000000008005f8        0x0 C:\Users\natha\Desktop\MyGithub\SleepDevice\projSleepDevice_bsp\libhal_bsp.a(alt_main.o)
 .data          0x00000000008005f8        0x0 C:\Users\natha\Desktop\MyGithub\SleepDevice\projSleepDevice_bsp\libhal_bsp.a(alt_putstr.o)
 .data          0x00000000008005f8        0x0 C:\Users\natha\Desktop\MyGithub\SleepDevice\projSleepDevice_bsp\libhal_bsp.a(alt_sys_init.o)
 .data          0x00000000008005f8        0x0 C:\Users\natha\Desktop\MyGithub\SleepDevice\projSleepDevice_bsp\libhal_bsp.a(altera_avalon_jtag_uart_write.o)
 .data          0x00000000008005f8        0x0 C:\Users\natha\Desktop\MyGithub\SleepDevice\projSleepDevice_bsp\libhal_bsp.a(altera_avalon_timer_sc.o)
 .data          0x00000000008005f8        0x0 C:\Users\natha\Desktop\MyGithub\SleepDevice\projSleepDevice_bsp\libhal_bsp.a(alt_dcache_flush_all.o)
 .data          0x00000000008005f8        0x0 C:\Users\natha\Desktop\MyGithub\SleepDevice\projSleepDevice_bsp\libhal_bsp.a(alt_icache_flush_all.o)
 .data          0x00000000008005f8        0x0 C:\Users\natha\Desktop\MyGithub\SleepDevice\projSleepDevice_bsp\libhal_bsp.a(alt_iic.o)
 .data          0x00000000008005f8        0x0 C:\Users\natha\Desktop\MyGithub\SleepDevice\projSleepDevice_bsp\libhal_bsp.a(alt_iic_isr_register.o)
 .data          0x00000000008005f8        0x0 C:\Users\natha\Desktop\MyGithub\SleepDevice\projSleepDevice_bsp\libhal_bsp.a(alt_irq_entry.o)
 .data          0x00000000008005f8        0x0 C:\Users\natha\Desktop\MyGithub\SleepDevice\projSleepDevice_bsp\libhal_bsp.a(alt_irq_handler.o)
 .data          0x00000000008005f8        0x0 C:\Users\natha\Desktop\MyGithub\SleepDevice\projSleepDevice_bsp\libhal_bsp.a(alt_irq_vars.o)
 .data          0x00000000008005f8        0x0 C:\Users\natha\Desktop\MyGithub\SleepDevice\projSleepDevice_bsp\libhal_bsp.a(alt_tick.o)
 .data          0x00000000008005f8        0x0 C:\Users\natha\Desktop\MyGithub\SleepDevice\projSleepDevice_bsp\libhal_bsp.a(altera_nios2_qsys_irq.o)
 .data          0x00000000008005f8        0x0 C:\Users\natha\Desktop\MyGithub\SleepDevice\projSleepDevice_bsp\libhal_bsp.a(alt_exception_entry.o)
 .data          0x00000000008005f8        0x0 o:/altera/16.1/nios2eds/bin/gnu/h-x86_64-mingw32/bin/../lib/gcc/nios2-elf/5.3.0/../../../../../H-x86_64-mingw32/nios2-elf/lib/mno-hw-mul\libsmallc.a(lib_a-strlen.o)
                0x00000000008085f8                _gp = ABSOLUTE ((. + 0x8000))
                [!provide]                        PROVIDE (gp, _gp)
 *(.rwdata .rwdata.*)
 *(.sdata .sdata.* .gnu.linkonce.s.*)
 .sdata         0x00000000008005f8        0x4 C:\Users\natha\Desktop\MyGithub\SleepDevice\projSleepDevice_bsp\libhal_bsp.a(alt_sys_init.o)
                0x00000000008005f8                jtag_uart_0
 .sdata         0x00000000008005fc        0x4 C:\Users\natha\Desktop\MyGithub\SleepDevice\projSleepDevice_bsp\libhal_bsp.a(alt_irq_vars.o)
                0x00000000008005fc                alt_priority_mask
 .sdata         0x0000000000800600        0x8 C:\Users\natha\Desktop\MyGithub\SleepDevice\projSleepDevice_bsp\libhal_bsp.a(alt_tick.o)
                0x0000000000800600                alt_alarm_list
 *(.sdata2 .sdata2.* .gnu.linkonce.s2.*)
                0x0000000000800608                . = ALIGN (0x4)
                0x0000000000800608                _edata = ABSOLUTE (.)
                [!provide]                        PROVIDE (edata, ABSOLUTE (.))
                0x0000000000800608                PROVIDE (__ram_rwdata_end, ABSOLUTE (.))
                0x0000000000800608                PROVIDE (__flash_rwdata_start, LOADADDR (.rwdata))

.bss            0x0000000000800618      0x118
                0x0000000000800618                __bss_start = ABSOLUTE (.)
                [!provide]                        PROVIDE (__sbss_start, ABSOLUTE (.))
                [!provide]                        PROVIDE (___sbss_start, ABSOLUTE (.))
 *(.dynsbss)
 *(.sbss .sbss.* .gnu.linkonce.sb.*)
 .sbss          0x0000000000800618        0xc C:\Users\natha\Desktop\MyGithub\SleepDevice\projSleepDevice_bsp\libhal_bsp.a(alt_main.o)
                0x0000000000800618                alt_envp
                0x000000000080061c                alt_argv
                0x0000000000800620                alt_argc
 .sbss          0x0000000000800624        0x4 C:\Users\natha\Desktop\MyGithub\SleepDevice\projSleepDevice_bsp\libhal_bsp.a(alt_irq_vars.o)
                0x0000000000800624                alt_irq_active
 .sbss          0x0000000000800628        0x8 C:\Users\natha\Desktop\MyGithub\SleepDevice\projSleepDevice_bsp\libhal_bsp.a(alt_tick.o)
                0x0000000000800628                _alt_nticks
                0x000000000080062c                _alt_tick_rate
 *(.sbss2 .sbss2.* .gnu.linkonce.sb2.*)
 *(.scommon)
                [!provide]                        PROVIDE (__sbss_end, ABSOLUTE (.))
                [!provide]                        PROVIDE (___sbss_end, ABSOLUTE (.))
 *(.dynbss)
 *(.bss .bss.* .gnu.linkonce.b.*)
 .bss           0x0000000000800630        0x0 C:\Users\natha\Desktop\MyGithub\SleepDevice\projSleepDevice_bsp/obj/HAL/src/crt0.o
 .bss           0x0000000000800630        0x0 obj/default/Main.o
 .bss           0x0000000000800630        0x0 C:\Users\natha\Desktop\MyGithub\SleepDevice\projSleepDevice_bsp\libhal_bsp.a(alt_load.o)
 .bss           0x0000000000800630        0x0 C:\Users\natha\Desktop\MyGithub\SleepDevice\projSleepDevice_bsp\libhal_bsp.a(alt_main.o)
 .bss           0x0000000000800630        0x0 C:\Users\natha\Desktop\MyGithub\SleepDevice\projSleepDevice_bsp\libhal_bsp.a(alt_putstr.o)
 .bss           0x0000000000800630        0x0 C:\Users\natha\Desktop\MyGithub\SleepDevice\projSleepDevice_bsp\libhal_bsp.a(alt_sys_init.o)
 .bss           0x0000000000800630        0x0 C:\Users\natha\Desktop\MyGithub\SleepDevice\projSleepDevice_bsp\libhal_bsp.a(altera_avalon_jtag_uart_write.o)
 .bss           0x0000000000800630        0x0 C:\Users\natha\Desktop\MyGithub\SleepDevice\projSleepDevice_bsp\libhal_bsp.a(altera_avalon_timer_sc.o)
 .bss           0x0000000000800630        0x0 C:\Users\natha\Desktop\MyGithub\SleepDevice\projSleepDevice_bsp\libhal_bsp.a(alt_dcache_flush_all.o)
 .bss           0x0000000000800630        0x0 C:\Users\natha\Desktop\MyGithub\SleepDevice\projSleepDevice_bsp\libhal_bsp.a(alt_icache_flush_all.o)
 .bss           0x0000000000800630        0x0 C:\Users\natha\Desktop\MyGithub\SleepDevice\projSleepDevice_bsp\libhal_bsp.a(alt_iic.o)
 .bss           0x0000000000800630        0x0 C:\Users\natha\Desktop\MyGithub\SleepDevice\projSleepDevice_bsp\libhal_bsp.a(alt_iic_isr_register.o)
 .bss           0x0000000000800630        0x0 C:\Users\natha\Desktop\MyGithub\SleepDevice\projSleepDevice_bsp\libhal_bsp.a(alt_irq_entry.o)
 .bss           0x0000000000800630        0x0 C:\Users\natha\Desktop\MyGithub\SleepDevice\projSleepDevice_bsp\libhal_bsp.a(alt_irq_handler.o)
 .bss           0x0000000000800630        0x0 C:\Users\natha\Desktop\MyGithub\SleepDevice\projSleepDevice_bsp\libhal_bsp.a(alt_irq_vars.o)
 .bss           0x0000000000800630        0x0 C:\Users\natha\Desktop\MyGithub\SleepDevice\projSleepDevice_bsp\libhal_bsp.a(alt_tick.o)
 .bss           0x0000000000800630        0x0 C:\Users\natha\Desktop\MyGithub\SleepDevice\projSleepDevice_bsp\libhal_bsp.a(altera_nios2_qsys_irq.o)
 .bss           0x0000000000800630        0x0 C:\Users\natha\Desktop\MyGithub\SleepDevice\projSleepDevice_bsp\libhal_bsp.a(alt_exception_entry.o)
 .bss           0x0000000000800630        0x0 o:/altera/16.1/nios2eds/bin/gnu/h-x86_64-mingw32/bin/../lib/gcc/nios2-elf/5.3.0/../../../../../H-x86_64-mingw32/nios2-elf/lib/mno-hw-mul\libsmallc.a(lib_a-strlen.o)
 *(COMMON)
 COMMON         0x0000000000800630      0x100 C:\Users\natha\Desktop\MyGithub\SleepDevice\projSleepDevice_bsp\libhal_bsp.a(alt_irq_handler.o)
                0x0000000000800630                alt_irq
                0x0000000000800730                . = ALIGN (0x4)
                0x0000000000800730                __bss_end = ABSOLUTE (.)

.new_sdram_controller_0
                0x0000000000800730        0x0
                [!provide]                        PROVIDE (_alt_partition_new_sdram_controller_0_start, ABSOLUTE (.))
 *(.new_sdram_controller_0 .new_sdram_controller_0. new_sdram_controller_0.*)
                0x0000000000800730                . = ALIGN (0x4)
                [!provide]                        PROVIDE (_alt_partition_new_sdram_controller_0_end, ABSOLUTE (.))
                0x0000000000800730                _end = ABSOLUTE (.)
                0x0000000000800730                end = ABSOLUTE (.)
                0x0000000000800730                __alt_stack_base = ABSOLUTE (.)
                [!provide]                        PROVIDE (_alt_partition_new_sdram_controller_0_load_addr, LOADADDR (.new_sdram_controller_0))

.onchip_memory2_0
                0x0000000001010000        0x0 load address 0x0000000000800730
                [!provide]                        PROVIDE (_alt_partition_onchip_memory2_0_start, ABSOLUTE (.))
 *(.onchip_memory2_0 .onchip_memory2_0. onchip_memory2_0.*)
                0x0000000001010000                . = ALIGN (0x4)
                [!provide]                        PROVIDE (_alt_partition_onchip_memory2_0_end, ABSOLUTE (.))
                [!provide]                        PROVIDE (_alt_partition_onchip_memory2_0_load_addr, LOADADDR (.onchip_memory2_0))

.stab
 *(.stab)

.stabstr
 *(.stabstr)

.stab.excl
 *(.stab.excl)

.stab.exclstr
 *(.stab.exclstr)

.stab.index
 *(.stab.index)

.stab.indexstr
 *(.stab.indexstr)

.comment        0x0000000000000000       0x23
 *(.comment)
 .comment       0x0000000000000000       0x23 obj/default/Main.o
                                         0x24 (size before relaxing)
 .comment       0x0000000000000023       0x24 C:\Users\natha\Desktop\MyGithub\SleepDevice\projSleepDevice_bsp\libhal_bsp.a(alt_load.o)
 .comment       0x0000000000000023       0x24 C:\Users\natha\Desktop\MyGithub\SleepDevice\projSleepDevice_bsp\libhal_bsp.a(alt_main.o)
 .comment       0x0000000000000023       0x24 C:\Users\natha\Desktop\MyGithub\SleepDevice\projSleepDevice_bsp\libhal_bsp.a(alt_putstr.o)
 .comment       0x0000000000000023       0x24 C:\Users\natha\Desktop\MyGithub\SleepDevice\projSleepDevice_bsp\libhal_bsp.a(alt_sys_init.o)
 .comment       0x0000000000000023       0x24 C:\Users\natha\Desktop\MyGithub\SleepDevice\projSleepDevice_bsp\libhal_bsp.a(altera_avalon_jtag_uart_write.o)
 .comment       0x0000000000000023       0x24 C:\Users\natha\Desktop\MyGithub\SleepDevice\projSleepDevice_bsp\libhal_bsp.a(altera_avalon_timer_sc.o)
 .comment       0x0000000000000023       0x24 C:\Users\natha\Desktop\MyGithub\SleepDevice\projSleepDevice_bsp\libhal_bsp.a(alt_dcache_flush_all.o)
 .comment       0x0000000000000023       0x24 C:\Users\natha\Desktop\MyGithub\SleepDevice\projSleepDevice_bsp\libhal_bsp.a(alt_icache_flush_all.o)
 .comment       0x0000000000000023       0x24 C:\Users\natha\Desktop\MyGithub\SleepDevice\projSleepDevice_bsp\libhal_bsp.a(alt_iic.o)
 .comment       0x0000000000000023       0x24 C:\Users\natha\Desktop\MyGithub\SleepDevice\projSleepDevice_bsp\libhal_bsp.a(alt_iic_isr_register.o)
 .comment       0x0000000000000023       0x24 C:\Users\natha\Desktop\MyGithub\SleepDevice\projSleepDevice_bsp\libhal_bsp.a(alt_irq_handler.o)
 .comment       0x0000000000000023       0x24 C:\Users\natha\Desktop\MyGithub\SleepDevice\projSleepDevice_bsp\libhal_bsp.a(alt_irq_vars.o)
 .comment       0x0000000000000023       0x24 C:\Users\natha\Desktop\MyGithub\SleepDevice\projSleepDevice_bsp\libhal_bsp.a(alt_tick.o)
 .comment       0x0000000000000023       0x24 C:\Users\natha\Desktop\MyGithub\SleepDevice\projSleepDevice_bsp\libhal_bsp.a(altera_nios2_qsys_irq.o)
 .comment       0x0000000000000023       0x24 o:/altera/16.1/nios2eds/bin/gnu/h-x86_64-mingw32/bin/../lib/gcc/nios2-elf/5.3.0/../../../../../H-x86_64-mingw32/nios2-elf/lib/mno-hw-mul\libsmallc.a(lib_a-strlen.o)

.debug
 *(.debug)

.line
 *(.line)

.debug_srcinfo
 *(.debug_srcinfo)

.debug_sfnames
 *(.debug_sfnames)

.debug_aranges  0x0000000000000000      0x288
 *(.debug_aranges)
 .debug_aranges
                0x0000000000000000       0x28 C:\Users\natha\Desktop\MyGithub\SleepDevice\projSleepDevice_bsp/obj/HAL/src/crt0.o
 .debug_aranges
                0x0000000000000028       0x20 obj/default/Main.o
 .debug_aranges
                0x0000000000000048       0x20 C:\Users\natha\Desktop\MyGithub\SleepDevice\projSleepDevice_bsp\libhal_bsp.a(alt_load.o)
 .debug_aranges
                0x0000000000000068       0x20 C:\Users\natha\Desktop\MyGithub\SleepDevice\projSleepDevice_bsp\libhal_bsp.a(alt_main.o)
 .debug_aranges
                0x0000000000000088       0x20 C:\Users\natha\Desktop\MyGithub\SleepDevice\projSleepDevice_bsp\libhal_bsp.a(alt_putstr.o)
 .debug_aranges
                0x00000000000000a8       0x20 C:\Users\natha\Desktop\MyGithub\SleepDevice\projSleepDevice_bsp\libhal_bsp.a(alt_sys_init.o)
 .debug_aranges
                0x00000000000000c8       0x20 C:\Users\natha\Desktop\MyGithub\SleepDevice\projSleepDevice_bsp\libhal_bsp.a(altera_avalon_jtag_uart_write.o)
 .debug_aranges
                0x00000000000000e8       0x20 C:\Users\natha\Desktop\MyGithub\SleepDevice\projSleepDevice_bsp\libhal_bsp.a(altera_avalon_timer_sc.o)
 .debug_aranges
                0x0000000000000108       0x20 C:\Users\natha\Desktop\MyGithub\SleepDevice\projSleepDevice_bsp\libhal_bsp.a(alt_dcache_flush_all.o)
 .debug_aranges
                0x0000000000000128       0x20 C:\Users\natha\Desktop\MyGithub\SleepDevice\projSleepDevice_bsp\libhal_bsp.a(alt_icache_flush_all.o)
 .debug_aranges
                0x0000000000000148       0x20 C:\Users\natha\Desktop\MyGithub\SleepDevice\projSleepDevice_bsp\libhal_bsp.a(alt_iic.o)
 .debug_aranges
                0x0000000000000168       0x20 C:\Users\natha\Desktop\MyGithub\SleepDevice\projSleepDevice_bsp\libhal_bsp.a(alt_iic_isr_register.o)
 .debug_aranges
                0x0000000000000188       0x30 C:\Users\natha\Desktop\MyGithub\SleepDevice\projSleepDevice_bsp\libhal_bsp.a(alt_irq_entry.o)
 .debug_aranges
                0x00000000000001b8       0x20 C:\Users\natha\Desktop\MyGithub\SleepDevice\projSleepDevice_bsp\libhal_bsp.a(alt_irq_handler.o)
 .debug_aranges
                0x00000000000001d8       0x18 C:\Users\natha\Desktop\MyGithub\SleepDevice\projSleepDevice_bsp\libhal_bsp.a(alt_irq_vars.o)
 .debug_aranges
                0x00000000000001f0       0x20 C:\Users\natha\Desktop\MyGithub\SleepDevice\projSleepDevice_bsp\libhal_bsp.a(alt_tick.o)
 .debug_aranges
                0x0000000000000210       0x20 C:\Users\natha\Desktop\MyGithub\SleepDevice\projSleepDevice_bsp\libhal_bsp.a(altera_nios2_qsys_irq.o)
 .debug_aranges
                0x0000000000000230       0x38 C:\Users\natha\Desktop\MyGithub\SleepDevice\projSleepDevice_bsp\libhal_bsp.a(alt_exception_entry.o)
 .debug_aranges
                0x0000000000000268       0x20 o:/altera/16.1/nios2eds/bin/gnu/h-x86_64-mingw32/bin/../lib/gcc/nios2-elf/5.3.0/../../../../../H-x86_64-mingw32/nios2-elf/lib/mno-hw-mul\libsmallc.a(lib_a-strlen.o)

.debug_pubnames
 *(.debug_pubnames)

.debug_info     0x0000000000000000     0x190c
 *(.debug_info .gnu.linkonce.wi.*)
 .debug_info    0x0000000000000000       0x74 C:\Users\natha\Desktop\MyGithub\SleepDevice\projSleepDevice_bsp/obj/HAL/src/crt0.o
 .debug_info    0x0000000000000074       0x65 obj/default/Main.o
 .debug_info    0x00000000000000d9      0x1c9 C:\Users\natha\Desktop\MyGithub\SleepDevice\projSleepDevice_bsp\libhal_bsp.a(alt_load.o)
 .debug_info    0x00000000000002a2      0x169 C:\Users\natha\Desktop\MyGithub\SleepDevice\projSleepDevice_bsp\libhal_bsp.a(alt_main.o)
 .debug_info    0x000000000000040b      0x13a C:\Users\natha\Desktop\MyGithub\SleepDevice\projSleepDevice_bsp\libhal_bsp.a(alt_putstr.o)
 .debug_info    0x0000000000000545      0x1d0 C:\Users\natha\Desktop\MyGithub\SleepDevice\projSleepDevice_bsp\libhal_bsp.a(alt_sys_init.o)
 .debug_info    0x0000000000000715      0x197 C:\Users\natha\Desktop\MyGithub\SleepDevice\projSleepDevice_bsp\libhal_bsp.a(altera_avalon_jtag_uart_write.o)
 .debug_info    0x00000000000008ac      0x270 C:\Users\natha\Desktop\MyGithub\SleepDevice\projSleepDevice_bsp\libhal_bsp.a(altera_avalon_timer_sc.o)
 .debug_info    0x0000000000000b1c       0x92 C:\Users\natha\Desktop\MyGithub\SleepDevice\projSleepDevice_bsp\libhal_bsp.a(alt_dcache_flush_all.o)
 .debug_info    0x0000000000000bae       0x92 C:\Users\natha\Desktop\MyGithub\SleepDevice\projSleepDevice_bsp\libhal_bsp.a(alt_icache_flush_all.o)
 .debug_info    0x0000000000000c40      0x38a C:\Users\natha\Desktop\MyGithub\SleepDevice\projSleepDevice_bsp\libhal_bsp.a(alt_iic.o)
 .debug_info    0x0000000000000fca      0x232 C:\Users\natha\Desktop\MyGithub\SleepDevice\projSleepDevice_bsp\libhal_bsp.a(alt_iic_isr_register.o)
 .debug_info    0x00000000000011fc       0x7d C:\Users\natha\Desktop\MyGithub\SleepDevice\projSleepDevice_bsp\libhal_bsp.a(alt_irq_entry.o)
 .debug_info    0x0000000000001279      0x184 C:\Users\natha\Desktop\MyGithub\SleepDevice\projSleepDevice_bsp\libhal_bsp.a(alt_irq_handler.o)
 .debug_info    0x00000000000013fd       0x88 C:\Users\natha\Desktop\MyGithub\SleepDevice\projSleepDevice_bsp\libhal_bsp.a(alt_irq_vars.o)
 .debug_info    0x0000000000001485      0x2a9 C:\Users\natha\Desktop\MyGithub\SleepDevice\projSleepDevice_bsp\libhal_bsp.a(alt_tick.o)
 .debug_info    0x000000000000172e       0x92 C:\Users\natha\Desktop\MyGithub\SleepDevice\projSleepDevice_bsp\libhal_bsp.a(altera_nios2_qsys_irq.o)
 .debug_info    0x00000000000017c0       0x83 C:\Users\natha\Desktop\MyGithub\SleepDevice\projSleepDevice_bsp\libhal_bsp.a(alt_exception_entry.o)
 .debug_info    0x0000000000001843       0xc9 o:/altera/16.1/nios2eds/bin/gnu/h-x86_64-mingw32/bin/../lib/gcc/nios2-elf/5.3.0/../../../../../H-x86_64-mingw32/nios2-elf/lib/mno-hw-mul\libsmallc.a(lib_a-strlen.o)

.debug_abbrev   0x0000000000000000      0xe11
 *(.debug_abbrev)
 .debug_abbrev  0x0000000000000000       0x12 C:\Users\natha\Desktop\MyGithub\SleepDevice\projSleepDevice_bsp/obj/HAL/src/crt0.o
 .debug_abbrev  0x0000000000000012       0x64 obj/default/Main.o
 .debug_abbrev  0x0000000000000076       0xd8 C:\Users\natha\Desktop\MyGithub\SleepDevice\projSleepDevice_bsp\libhal_bsp.a(alt_load.o)
 .debug_abbrev  0x000000000000014e       0xee C:\Users\natha\Desktop\MyGithub\SleepDevice\projSleepDevice_bsp\libhal_bsp.a(alt_main.o)
 .debug_abbrev  0x000000000000023c       0xd3 C:\Users\natha\Desktop\MyGithub\SleepDevice\projSleepDevice_bsp\libhal_bsp.a(alt_putstr.o)
 .debug_abbrev  0x000000000000030f      0x110 C:\Users\natha\Desktop\MyGithub\SleepDevice\projSleepDevice_bsp\libhal_bsp.a(alt_sys_init.o)
 .debug_abbrev  0x000000000000041f       0xd5 C:\Users\natha\Desktop\MyGithub\SleepDevice\projSleepDevice_bsp\libhal_bsp.a(altera_avalon_jtag_uart_write.o)
 .debug_abbrev  0x00000000000004f4      0x191 C:\Users\natha\Desktop\MyGithub\SleepDevice\projSleepDevice_bsp\libhal_bsp.a(altera_avalon_timer_sc.o)
 .debug_abbrev  0x0000000000000685       0x42 C:\Users\natha\Desktop\MyGithub\SleepDevice\projSleepDevice_bsp\libhal_bsp.a(alt_dcache_flush_all.o)
 .debug_abbrev  0x00000000000006c7       0x42 C:\Users\natha\Desktop\MyGithub\SleepDevice\projSleepDevice_bsp\libhal_bsp.a(alt_icache_flush_all.o)
 .debug_abbrev  0x0000000000000709      0x1a0 C:\Users\natha\Desktop\MyGithub\SleepDevice\projSleepDevice_bsp\libhal_bsp.a(alt_iic.o)
 .debug_abbrev  0x00000000000008a9      0x19c C:\Users\natha\Desktop\MyGithub\SleepDevice\projSleepDevice_bsp\libhal_bsp.a(alt_iic_isr_register.o)
 .debug_abbrev  0x0000000000000a45       0x12 C:\Users\natha\Desktop\MyGithub\SleepDevice\projSleepDevice_bsp\libhal_bsp.a(alt_irq_entry.o)
 .debug_abbrev  0x0000000000000a57      0x120 C:\Users\natha\Desktop\MyGithub\SleepDevice\projSleepDevice_bsp\libhal_bsp.a(alt_irq_handler.o)
 .debug_abbrev  0x0000000000000b77       0x40 C:\Users\natha\Desktop\MyGithub\SleepDevice\projSleepDevice_bsp\libhal_bsp.a(alt_irq_vars.o)
 .debug_abbrev  0x0000000000000bb7      0x187 C:\Users\natha\Desktop\MyGithub\SleepDevice\projSleepDevice_bsp\libhal_bsp.a(alt_tick.o)
 .debug_abbrev  0x0000000000000d3e       0x42 C:\Users\natha\Desktop\MyGithub\SleepDevice\projSleepDevice_bsp\libhal_bsp.a(altera_nios2_qsys_irq.o)
 .debug_abbrev  0x0000000000000d80       0x12 C:\Users\natha\Desktop\MyGithub\SleepDevice\projSleepDevice_bsp\libhal_bsp.a(alt_exception_entry.o)
 .debug_abbrev  0x0000000000000d92       0x7f o:/altera/16.1/nios2eds/bin/gnu/h-x86_64-mingw32/bin/../lib/gcc/nios2-elf/5.3.0/../../../../../H-x86_64-mingw32/nios2-elf/lib/mno-hw-mul\libsmallc.a(lib_a-strlen.o)

.debug_line     0x0000000000000000      0xd22
 *(.debug_line)
 .debug_line    0x0000000000000000       0x66 C:\Users\natha\Desktop\MyGithub\SleepDevice\projSleepDevice_bsp/obj/HAL/src/crt0.o
 .debug_line    0x0000000000000066       0x99 obj/default/Main.o
 .debug_line    0x00000000000000ff       0xa4 C:\Users\natha\Desktop\MyGithub\SleepDevice\projSleepDevice_bsp\libhal_bsp.a(alt_load.o)
 .debug_line    0x00000000000001a3       0xbd C:\Users\natha\Desktop\MyGithub\SleepDevice\projSleepDevice_bsp\libhal_bsp.a(alt_main.o)
 .debug_line    0x0000000000000260       0x98 C:\Users\natha\Desktop\MyGithub\SleepDevice\projSleepDevice_bsp\libhal_bsp.a(alt_putstr.o)
 .debug_line    0x00000000000002f8      0x11e C:\Users\natha\Desktop\MyGithub\SleepDevice\projSleepDevice_bsp\libhal_bsp.a(alt_sys_init.o)
 .debug_line    0x0000000000000416       0xf0 C:\Users\natha\Desktop\MyGithub\SleepDevice\projSleepDevice_bsp\libhal_bsp.a(altera_avalon_jtag_uart_write.o)
 .debug_line    0x0000000000000506       0xfe C:\Users\natha\Desktop\MyGithub\SleepDevice\projSleepDevice_bsp\libhal_bsp.a(altera_avalon_timer_sc.o)
 .debug_line    0x0000000000000604       0x4e C:\Users\natha\Desktop\MyGithub\SleepDevice\projSleepDevice_bsp\libhal_bsp.a(alt_dcache_flush_all.o)
 .debug_line    0x0000000000000652       0x4e C:\Users\natha\Desktop\MyGithub\SleepDevice\projSleepDevice_bsp\libhal_bsp.a(alt_icache_flush_all.o)
 .debug_line    0x00000000000006a0       0xf1 C:\Users\natha\Desktop\MyGithub\SleepDevice\projSleepDevice_bsp\libhal_bsp.a(alt_iic.o)
 .debug_line    0x0000000000000791       0xd6 C:\Users\natha\Desktop\MyGithub\SleepDevice\projSleepDevice_bsp\libhal_bsp.a(alt_iic_isr_register.o)
 .debug_line    0x0000000000000867       0x6b C:\Users\natha\Desktop\MyGithub\SleepDevice\projSleepDevice_bsp\libhal_bsp.a(alt_irq_entry.o)
 .debug_line    0x00000000000008d2       0xa5 C:\Users\natha\Desktop\MyGithub\SleepDevice\projSleepDevice_bsp\libhal_bsp.a(alt_irq_handler.o)
 .debug_line    0x0000000000000977       0x50 C:\Users\natha\Desktop\MyGithub\SleepDevice\projSleepDevice_bsp\libhal_bsp.a(alt_irq_vars.o)
 .debug_line    0x00000000000009c7      0x104 C:\Users\natha\Desktop\MyGithub\SleepDevice\projSleepDevice_bsp\libhal_bsp.a(alt_tick.o)
 .debug_line    0x0000000000000acb       0x50 C:\Users\natha\Desktop\MyGithub\SleepDevice\projSleepDevice_bsp\libhal_bsp.a(altera_nios2_qsys_irq.o)
 .debug_line    0x0000000000000b1b       0xab C:\Users\natha\Desktop\MyGithub\SleepDevice\projSleepDevice_bsp\libhal_bsp.a(alt_exception_entry.o)
 .debug_line    0x0000000000000bc6      0x15c o:/altera/16.1/nios2eds/bin/gnu/h-x86_64-mingw32/bin/../lib/gcc/nios2-elf/5.3.0/../../../../../H-x86_64-mingw32/nios2-elf/lib/mno-hw-mul\libsmallc.a(lib_a-strlen.o)

.debug_frame    0x0000000000000000      0x2e0
 *(.debug_frame)
 .debug_frame   0x0000000000000000       0x28 obj/default/Main.o
 .debug_frame   0x0000000000000028       0x30 C:\Users\natha\Desktop\MyGithub\SleepDevice\projSleepDevice_bsp\libhal_bsp.a(alt_load.o)
 .debug_frame   0x0000000000000058       0x2c C:\Users\natha\Desktop\MyGithub\SleepDevice\projSleepDevice_bsp\libhal_bsp.a(alt_main.o)
 .debug_frame   0x0000000000000084       0x30 C:\Users\natha\Desktop\MyGithub\SleepDevice\projSleepDevice_bsp\libhal_bsp.a(alt_putstr.o)
 .debug_frame   0x00000000000000b4       0x3c C:\Users\natha\Desktop\MyGithub\SleepDevice\projSleepDevice_bsp\libhal_bsp.a(alt_sys_init.o)
 .debug_frame   0x00000000000000f0       0x20 C:\Users\natha\Desktop\MyGithub\SleepDevice\projSleepDevice_bsp\libhal_bsp.a(altera_avalon_jtag_uart_write.o)
 .debug_frame   0x0000000000000110       0x4c C:\Users\natha\Desktop\MyGithub\SleepDevice\projSleepDevice_bsp\libhal_bsp.a(altera_avalon_timer_sc.o)
 .debug_frame   0x000000000000015c       0x20 C:\Users\natha\Desktop\MyGithub\SleepDevice\projSleepDevice_bsp\libhal_bsp.a(alt_dcache_flush_all.o)
 .debug_frame   0x000000000000017c       0x20 C:\Users\natha\Desktop\MyGithub\SleepDevice\projSleepDevice_bsp\libhal_bsp.a(alt_icache_flush_all.o)
 .debug_frame   0x000000000000019c       0x50 C:\Users\natha\Desktop\MyGithub\SleepDevice\projSleepDevice_bsp\libhal_bsp.a(alt_iic.o)
 .debug_frame   0x00000000000001ec       0x30 C:\Users\natha\Desktop\MyGithub\SleepDevice\projSleepDevice_bsp\libhal_bsp.a(alt_iic_isr_register.o)
 .debug_frame   0x000000000000021c       0x34 C:\Users\natha\Desktop\MyGithub\SleepDevice\projSleepDevice_bsp\libhal_bsp.a(alt_irq_handler.o)
 .debug_frame   0x0000000000000250       0x50 C:\Users\natha\Desktop\MyGithub\SleepDevice\projSleepDevice_bsp\libhal_bsp.a(alt_tick.o)
 .debug_frame   0x00000000000002a0       0x20 C:\Users\natha\Desktop\MyGithub\SleepDevice\projSleepDevice_bsp\libhal_bsp.a(altera_nios2_qsys_irq.o)
 .debug_frame   0x00000000000002c0       0x20 o:/altera/16.1/nios2eds/bin/gnu/h-x86_64-mingw32/bin/../lib/gcc/nios2-elf/5.3.0/../../../../../H-x86_64-mingw32/nios2-elf/lib/mno-hw-mul\libsmallc.a(lib_a-strlen.o)

.debug_str      0x0000000000000000      0x900
 *(.debug_str)
 .debug_str     0x0000000000000000       0x99 obj/default/Main.o
                                         0x9e (size before relaxing)
 .debug_str     0x0000000000000099      0x208 C:\Users\natha\Desktop\MyGithub\SleepDevice\projSleepDevice_bsp\libhal_bsp.a(alt_load.o)
                                        0x241 (size before relaxing)
 .debug_str     0x00000000000002a1       0xcf C:\Users\natha\Desktop\MyGithub\SleepDevice\projSleepDevice_bsp\libhal_bsp.a(alt_main.o)
                                        0x1bb (size before relaxing)
 .debug_str     0x0000000000000370       0x66 C:\Users\natha\Desktop\MyGithub\SleepDevice\projSleepDevice_bsp\libhal_bsp.a(alt_putstr.o)
                                        0x198 (size before relaxing)
 .debug_str     0x00000000000003d6       0xd2 C:\Users\natha\Desktop\MyGithub\SleepDevice\projSleepDevice_bsp\libhal_bsp.a(alt_sys_init.o)
                                        0x27d (size before relaxing)
 .debug_str     0x00000000000004a8       0x3f C:\Users\natha\Desktop\MyGithub\SleepDevice\projSleepDevice_bsp\libhal_bsp.a(altera_avalon_jtag_uart_write.o)
                                        0x21b (size before relaxing)
 .debug_str     0x00000000000004e7       0xba C:\Users\natha\Desktop\MyGithub\SleepDevice\projSleepDevice_bsp\libhal_bsp.a(altera_avalon_timer_sc.o)
                                        0x26e (size before relaxing)
 .debug_str     0x00000000000005a1       0x1f C:\Users\natha\Desktop\MyGithub\SleepDevice\projSleepDevice_bsp\libhal_bsp.a(alt_dcache_flush_all.o)
                                        0x15b (size before relaxing)
 .debug_str     0x00000000000005c0       0x1f C:\Users\natha\Desktop\MyGithub\SleepDevice\projSleepDevice_bsp\libhal_bsp.a(alt_icache_flush_all.o)
                                        0x15b (size before relaxing)
 .debug_str     0x00000000000005df       0xc5 C:\Users\natha\Desktop\MyGithub\SleepDevice\projSleepDevice_bsp\libhal_bsp.a(alt_iic.o)
                                        0x259 (size before relaxing)
 .debug_str     0x00000000000006a4       0x37 C:\Users\natha\Desktop\MyGithub\SleepDevice\projSleepDevice_bsp\libhal_bsp.a(alt_iic_isr_register.o)
                                        0x213 (size before relaxing)
 .debug_str     0x00000000000006db       0x3a C:\Users\natha\Desktop\MyGithub\SleepDevice\projSleepDevice_bsp\libhal_bsp.a(alt_irq_handler.o)
                                        0x19d (size before relaxing)
 .debug_str     0x0000000000000715       0x17 C:\Users\natha\Desktop\MyGithub\SleepDevice\projSleepDevice_bsp\libhal_bsp.a(alt_irq_vars.o)
                                        0x140 (size before relaxing)
 .debug_str     0x000000000000072c       0x7a C:\Users\natha\Desktop\MyGithub\SleepDevice\projSleepDevice_bsp\libhal_bsp.a(alt_tick.o)
                                        0x258 (size before relaxing)
 .debug_str     0x00000000000007a6       0x20 C:\Users\natha\Desktop\MyGithub\SleepDevice\projSleepDevice_bsp\libhal_bsp.a(altera_nios2_qsys_irq.o)
                                        0x162 (size before relaxing)
 .debug_str     0x00000000000007c6      0x13a o:/altera/16.1/nios2eds/bin/gnu/h-x86_64-mingw32/bin/../lib/gcc/nios2-elf/5.3.0/../../../../../H-x86_64-mingw32/nios2-elf/lib/mno-hw-mul\libsmallc.a(lib_a-strlen.o)
                                        0x1e5 (size before relaxing)

.debug_loc      0x0000000000000000      0x5d7
 *(.debug_loc)
 .debug_loc     0x0000000000000000       0x37 C:\Users\natha\Desktop\MyGithub\SleepDevice\projSleepDevice_bsp\libhal_bsp.a(alt_putstr.o)
 .debug_loc     0x0000000000000037       0x21 C:\Users\natha\Desktop\MyGithub\SleepDevice\projSleepDevice_bsp\libhal_bsp.a(alt_sys_init.o)
 .debug_loc     0x0000000000000058       0x8b C:\Users\natha\Desktop\MyGithub\SleepDevice\projSleepDevice_bsp\libhal_bsp.a(altera_avalon_jtag_uart_write.o)
 .debug_loc     0x00000000000000e3       0xec C:\Users\natha\Desktop\MyGithub\SleepDevice\projSleepDevice_bsp\libhal_bsp.a(altera_avalon_timer_sc.o)
 .debug_loc     0x00000000000001cf      0x170 C:\Users\natha\Desktop\MyGithub\SleepDevice\projSleepDevice_bsp\libhal_bsp.a(alt_iic.o)
 .debug_loc     0x000000000000033f      0x193 C:\Users\natha\Desktop\MyGithub\SleepDevice\projSleepDevice_bsp\libhal_bsp.a(alt_iic_isr_register.o)
 .debug_loc     0x00000000000004d2       0x72 C:\Users\natha\Desktop\MyGithub\SleepDevice\projSleepDevice_bsp\libhal_bsp.a(alt_irq_handler.o)
 .debug_loc     0x0000000000000544       0x75 C:\Users\natha\Desktop\MyGithub\SleepDevice\projSleepDevice_bsp\libhal_bsp.a(alt_tick.o)
 .debug_loc     0x00000000000005b9       0x1e o:/altera/16.1/nios2eds/bin/gnu/h-x86_64-mingw32/bin/../lib/gcc/nios2-elf/5.3.0/../../../../../H-x86_64-mingw32/nios2-elf/lib/mno-hw-mul\libsmallc.a(lib_a-strlen.o)

.debug_macinfo
 *(.debug_macinfo)

.debug_weaknames
 *(.debug_weaknames)

.debug_funcnames
 *(.debug_funcnames)

.debug_typenames
 *(.debug_typenames)

.debug_varnames
 *(.debug_varnames)

.debug_alt_sim_info
                0x0000000000000000       0x10
 *(.debug_alt_sim_info)
 .debug_alt_sim_info
                0x0000000000000000       0x10 C:\Users\natha\Desktop\MyGithub\SleepDevice\projSleepDevice_bsp/obj/HAL/src/crt0.o
                0x0000000001000000                __alt_data_end = 0x1000000
                0x0000000001000000                PROVIDE (__alt_stack_pointer, __alt_data_end)
                [!provide]                        PROVIDE (__alt_stack_limit, __alt_stack_base)
                [!provide]                        PROVIDE (__alt_heap_start, end)
                [!provide]                        PROVIDE (__alt_heap_limit, 0x1000000)
OUTPUT(projSleepDevice.elf elf32-littlenios2)

.debug_ranges   0x0000000000000000      0x108
 .debug_ranges  0x0000000000000000       0x20 C:\Users\natha\Desktop\MyGithub\SleepDevice\projSleepDevice_bsp/obj/HAL/src/crt0.o
 .debug_ranges  0x0000000000000020       0x10 obj/default/Main.o
 .debug_ranges  0x0000000000000030       0x48 C:\Users\natha\Desktop\MyGithub\SleepDevice\projSleepDevice_bsp\libhal_bsp.a(alt_load.o)
 .debug_ranges  0x0000000000000078       0x18 C:\Users\natha\Desktop\MyGithub\SleepDevice\projSleepDevice_bsp\libhal_bsp.a(altera_avalon_timer_sc.o)
 .debug_ranges  0x0000000000000090       0x28 C:\Users\natha\Desktop\MyGithub\SleepDevice\projSleepDevice_bsp\libhal_bsp.a(alt_irq_entry.o)
 .debug_ranges  0x00000000000000b8       0x10 C:\Users\natha\Desktop\MyGithub\SleepDevice\projSleepDevice_bsp\libhal_bsp.a(alt_irq_handler.o)
 .debug_ranges  0x00000000000000c8       0x30 C:\Users\natha\Desktop\MyGithub\SleepDevice\projSleepDevice_bsp\libhal_bsp.a(alt_exception_entry.o)
 .debug_ranges  0x00000000000000f8       0x10 o:/altera/16.1/nios2eds/bin/gnu/h-x86_64-mingw32/bin/../lib/gcc/nios2-elf/5.3.0/../../../../../H-x86_64-mingw32/nios2-elf/lib/mno-hw-mul\libsmallc.a(lib_a-strlen.o)
